16:21:04 **** Incremental Build of configuration Debug for project Lab_1b_Stopwatch ****
make all 
make: Nothing to be done for 'all'.
16:21:35 **** Incremental Build of configuration Debug for project Lab_1b_Stopwatch ****
make all 
make: Nothing to be done for 'all'.
16:22:22 **** Auto Build of configuration Debug for project Lab_1b_Stopwatch ****
make all 
'Building file: ../src/main_loop.c'
'Invoking: MicroBlaze gcc compiler'
mb-gcc -Wall -O0 -g3 -c -fmessage-length=0 -MT"src/main_loop.o" -I../../Lab_1b_Stopwatch_bsp/microblaze_0/include -mlittle-endian -mxl-barrel-shift -mcpu=v11.0 -mno-xl-soft-mul -Wl,--no-relax -ffunction-sections -fdata-sections -MMD -MP -MF"src/main_loop.d" -MT"src/main_loop.o" -o "src/main_loop.o" "../src/main_loop.c"
In file included from ../src/interrupts.h:13,
                 from ../src/main_loop.c:8:
../../Lab_1b_Stopwatch_bsp/microblaze_0/include/xbasic_types.h:120:2: warning: #warning The xbasics_type.h file is deprecated and users should use xil_types.h and xil_assert. [-Wcpp]
 #warning  The xbasics_type.h file is deprecated and users should use xil_types.h and xil_assert.
  ^~~~~~~
../../Lab_1b_Stopwatch_bsp/microblaze_0/include/xbasic_types.h:121:2: warning: #warning Please refer the Standalone BSP UG647 for further details [-Wcpp]
 #warning  Please refer the Standalone BSP UG647 for further details
  ^~~~~~~
../src/main_loop.c:14:6: warning: return type of 'main' is not 'int' [-Wmain]
 void main(void){
      ^~~~
'Finished building: ../src/main_loop.c'
' '
'Building target: Lab_1b_Stopwatch.elf'
'Invoking: MicroBlaze gcc linker'
mb-gcc -Wl,-T -Wl,../src/lscript.ld -L../../Lab_1b_Stopwatch_bsp/microblaze_0/lib -mlittle-endian -mxl-barrel-shift -mcpu=v11.0 -mno-xl-soft-mul -Wl,--no-relax -Wl,--gc-sections -o "Lab_1b_Stopwatch.elf"  ./src/interrupts.o ./src/main_loop.o ./src/platform.o ./src/sevenSeg_new.o   -Wl,--start-group,-lxil,-lgcc,-lc,--end-group
'Finished building target: Lab_1b_Stopwatch.elf'
' '
'Invoking: MicroBlaze Print Size'
mb-size Lab_1b_Stopwatch.elf  |tee "Lab_1b_Stopwatch.elf.size"
   text	   data	    bss	    dec	    hex	filename
   2928	    372	   2108	   5408	   1520	Lab_1b_Stopwatch.elf
'Finished building: Lab_1b_Stopwatch.elf.size'
' '
16:23:07 **** Auto Build of configuration Debug for project Lab_1b_Stopwatch ****
make all 
'Building file: ../src/main_loop.c'
'Invoking: MicroBlaze gcc compiler'
mb-gcc -Wall -O0 -g3 -c -fmessage-length=0 -MT"src/main_loop.o" -I../../Lab_1b_Stopwatch_bsp/microblaze_0/include -mlittle-endian -mxl-barrel-shift -mcpu=v11.0 -mno-xl-soft-mul -Wl,--no-relax -ffunction-sections -fdata-sections -MMD -MP -MF"src/main_loop.d" -MT"src/main_loop.o" -o "src/main_loop.o" "../src/main_loop.c"
In file included from ../src/interrupts.h:13,
                 from ../src/main_loop.c:8:
../../Lab_1b_Stopwatch_bsp/microblaze_0/include/xbasic_types.h:120:2: warning: #warning The xbasics_type.h file is deprecated and users should use xil_types.h and xil_assert. [-Wcpp]
 #warning  The xbasics_type.h file is deprecated and users should use xil_types.h and xil_assert.
  ^~~~~~~
../../Lab_1b_Stopwatch_bsp/microblaze_0/include/xbasic_types.h:121:2: warning: #warning Please refer the Standalone BSP UG647 for further details [-Wcpp]
 #warning  Please refer the Standalone BSP UG647 for further details
  ^~~~~~~
../src/main_loop.c:14:6: warning: return type of 'main' is not 'int' [-Wmain]
 void main(void){
      ^~~~
../src/main_loop.c: In function 'main':
../src/main_loop.c:22:30: error: 'LED_CHANNEL' undeclared (first use in this function)
   XGpio_DiscreteWrite(&Gpio, LED_CHANNEL, 0x1);
                              ^~~~~~~~~~~
../src/main_loop.c:22:30: note: each undeclared identifier is reported only once for each function it appears in
make: *** [src/subdir.mk:32: src/main_loop.o] Error 1
16:23:20 **** Auto Build of configuration Debug for project Lab_1b_Stopwatch ****
make all 
'Building file: ../src/main_loop.c'
'Invoking: MicroBlaze gcc compiler'
mb-gcc -Wall -O0 -g3 -c -fmessage-length=0 -MT"src/main_loop.o" -I../../Lab_1b_Stopwatch_bsp/microblaze_0/include -mlittle-endian -mxl-barrel-shift -mcpu=v11.0 -mno-xl-soft-mul -Wl,--no-relax -ffunction-sections -fdata-sections -MMD -MP -MF"src/main_loop.d" -MT"src/main_loop.o" -o "src/main_loop.o" "../src/main_loop.c"
In file included from ../src/interrupts.h:13,
                 from ../src/main_loop.c:8:
../../Lab_1b_Stopwatch_bsp/microblaze_0/include/xbasic_types.h:120:2: warning: #warning The xbasics_type.h file is deprecated and users should use xil_types.h and xil_assert. [-Wcpp]
 #warning  The xbasics_type.h file is deprecated and users should use xil_types.h and xil_assert.
  ^~~~~~~
../../Lab_1b_Stopwatch_bsp/microblaze_0/include/xbasic_types.h:121:2: warning: #warning Please refer the Standalone BSP UG647 for further details [-Wcpp]
 #warning  Please refer the Standalone BSP UG647 for further details
  ^~~~~~~
../src/main_loop.c:14:6: warning: return type of 'main' is not 'int' [-Wmain]
 void main(void){
      ^~~~
'Finished building: ../src/main_loop.c'
' '
'Building target: Lab_1b_Stopwatch.elf'
'Invoking: MicroBlaze gcc linker'
mb-gcc -Wl,-T -Wl,../src/lscript.ld -L../../Lab_1b_Stopwatch_bsp/microblaze_0/lib -mlittle-endian -mxl-barrel-shift -mcpu=v11.0 -mno-xl-soft-mul -Wl,--no-relax -Wl,--gc-sections -o "Lab_1b_Stopwatch.elf"  ./src/interrupts.o ./src/main_loop.o ./src/platform.o ./src/sevenSeg_new.o   -Wl,--start-group,-lxil,-lgcc,-lc,--end-group
'Finished building target: Lab_1b_Stopwatch.elf'
' '
'Invoking: MicroBlaze Print Size'
mb-size Lab_1b_Stopwatch.elf  |tee "Lab_1b_Stopwatch.elf.size"
   text	   data	    bss	    dec	    hex	filename
   2952	    372	   2108	   5432	   1538	Lab_1b_Stopwatch.elf
'Finished building: Lab_1b_Stopwatch.elf.size'
' '
16:23:24 **** Incremental Build of configuration Debug for project Lab_1b_Stopwatch ****
make all 
make: Nothing to be done for 'all'.
16:28:03 **** Incremental Build of configuration Debug for project Lab_1b_Stopwatch ****
make all 
make: Nothing to be done for 'all'.
16:30:36 **** Auto Build of configuration Debug for project Lab_1b_Stopwatch ****
make all 
'Building file: ../src/main_loop.c'
'Invoking: MicroBlaze gcc compiler'
mb-gcc -Wall -O0 -g3 -c -fmessage-length=0 -MT"src/main_loop.o" -I../../Lab_1b_Stopwatch_bsp/microblaze_0/include -mlittle-endian -mxl-barrel-shift -mcpu=v11.0 -mno-xl-soft-mul -Wl,--no-relax -ffunction-sections -fdata-sections -MMD -MP -MF"src/main_loop.d" -MT"src/main_loop.o" -o "src/main_loop.o" "../src/main_loop.c"
In file included from ../src/interrupts.h:13,
                 from ../src/main_loop.c:8:
../../Lab_1b_Stopwatch_bsp/microblaze_0/include/xbasic_types.h:120:2: warning: #warning The xbasics_type.h file is deprecated and users should use xil_types.h and xil_assert. [-Wcpp]
 #warning  The xbasics_type.h file is deprecated and users should use xil_types.h and xil_assert.
  ^~~~~~~
../../Lab_1b_Stopwatch_bsp/microblaze_0/include/xbasic_types.h:121:2: warning: #warning Please refer the Standalone BSP UG647 for further details [-Wcpp]
 #warning  Please refer the Standalone BSP UG647 for further details
  ^~~~~~~
../src/main_loop.c:15:6: warning: return type of 'main' is not 'int' [-Wmain]
 void main(void){
      ^~~~
'Finished building: ../src/main_loop.c'
' '
'Building target: Lab_1b_Stopwatch.elf'
'Invoking: MicroBlaze gcc linker'
mb-gcc -Wl,-T -Wl,../src/lscript.ld -L../../Lab_1b_Stopwatch_bsp/microblaze_0/lib -mlittle-endian -mxl-barrel-shift -mcpu=v11.0 -mno-xl-soft-mul -Wl,--no-relax -Wl,--gc-sections -o "Lab_1b_Stopwatch.elf"  ./src/interrupts.o ./src/main_loop.o ./src/platform.o ./src/sevenSeg_new.o   -Wl,--start-group,-lxil,-lgcc,-lc,--end-group
'Finished building target: Lab_1b_Stopwatch.elf'
' '
'Invoking: MicroBlaze Print Size'
mb-size Lab_1b_Stopwatch.elf  |tee "Lab_1b_Stopwatch.elf.size"
   text	   data	    bss	    dec	    hex	filename
   2984	    372	   2124	   5480	   1568	Lab_1b_Stopwatch.elf
'Finished building: Lab_1b_Stopwatch.elf.size'
' '
16:30:44 **** Auto Build of configuration Debug for project Lab_1b_Stopwatch ****
make all 
'Building file: ../src/main_loop.c'
'Invoking: MicroBlaze gcc compiler'
mb-gcc -Wall -O0 -g3 -c -fmessage-length=0 -MT"src/main_loop.o" -I../../Lab_1b_Stopwatch_bsp/microblaze_0/include -mlittle-endian -mxl-barrel-shift -mcpu=v11.0 -mno-xl-soft-mul -Wl,--no-relax -ffunction-sections -fdata-sections -MMD -MP -MF"src/main_loop.d" -MT"src/main_loop.o" -o "src/main_loop.o" "../src/main_loop.c"
In file included from ../src/interrupts.h:13,
                 from ../src/main_loop.c:8:
../../Lab_1b_Stopwatch_bsp/microblaze_0/include/xbasic_types.h:120:2: warning: #warning The xbasics_type.h file is deprecated and users should use xil_types.h and xil_assert. [-Wcpp]
 #warning  The xbasics_type.h file is deprecated and users should use xil_types.h and xil_assert.
  ^~~~~~~
../../Lab_1b_Stopwatch_bsp/microblaze_0/include/xbasic_types.h:121:2: warning: #warning Please refer the Standalone BSP UG647 for further details [-Wcpp]
 #warning  Please refer the Standalone BSP UG647 for further details
  ^~~~~~~
'Finished building: ../src/main_loop.c'
' '
'Building target: Lab_1b_Stopwatch.elf'
'Invoking: MicroBlaze gcc linker'
mb-gcc -Wl,-T -Wl,../src/lscript.ld -L../../Lab_1b_Stopwatch_bsp/microblaze_0/lib -mlittle-endian -mxl-barrel-shift -mcpu=v11.0 -mno-xl-soft-mul -Wl,--no-relax -Wl,--gc-sections -o "Lab_1b_Stopwatch.elf"  ./src/interrupts.o ./src/main_loop.o ./src/platform.o ./src/sevenSeg_new.o   -Wl,--start-group,-lxil,-lgcc,-lc,--end-group
'Finished building target: Lab_1b_Stopwatch.elf'
' '
'Invoking: MicroBlaze Print Size'
mb-size Lab_1b_Stopwatch.elf  |tee "Lab_1b_Stopwatch.elf.size"
   text	   data	    bss	    dec	    hex	filename
   2984	    372	   2124	   5480	   1568	Lab_1b_Stopwatch.elf
'Finished building: Lab_1b_Stopwatch.elf.size'
' '
16:30:47 **** Incremental Build of configuration Debug for project Lab_1b_Stopwatch ****
make all 
make: Nothing to be done for 'all'.
16:32:50 **** Auto Build of configuration Debug for project Lab_1b_Stopwatch ****
make all 
'Building file: ../src/main_loop.c'
'Invoking: MicroBlaze gcc compiler'
mb-gcc -Wall -O0 -g3 -c -fmessage-length=0 -MT"src/main_loop.o" -I../../Lab_1b_Stopwatch_bsp/microblaze_0/include -mlittle-endian -mxl-barrel-shift -mcpu=v11.0 -mno-xl-soft-mul -Wl,--no-relax -ffunction-sections -fdata-sections -MMD -MP -MF"src/main_loop.d" -MT"src/main_loop.o" -o "src/main_loop.o" "../src/main_loop.c"
In file included from ../src/interrupts.h:13,
                 from ../src/main_loop.c:8:
../../Lab_1b_Stopwatch_bsp/microblaze_0/include/xbasic_types.h:120:2: warning: #warning The xbasics_type.h file is deprecated and users should use xil_types.h and xil_assert. [-Wcpp]
 #warning  The xbasics_type.h file is deprecated and users should use xil_types.h and xil_assert.
  ^~~~~~~
../../Lab_1b_Stopwatch_bsp/microblaze_0/include/xbasic_types.h:121:2: warning: #warning Please refer the Standalone BSP UG647 for further details [-Wcpp]
 #warning  Please refer the Standalone BSP UG647 for further details
  ^~~~~~~
../src/main_loop.c: In function 'main':
../src/main_loop.c:21:2: warning: implicit declaration of function 'printf' [-Wimplicit-function-declaration]
  printf(status)
  ^~~~~~
../src/main_loop.c:21:2: warning: incompatible implicit declaration of built-in function 'printf'
../src/main_loop.c:21:2: note: include '<stdio.h>' or provide a declaration of 'printf'
../src/main_loop.c:12:1:
+#include <stdio.h>
 XGpio LED_Gpio;
../src/main_loop.c:21:2:
  printf(status)
  ^~~~~~
../src/main_loop.c:21:9: warning: passing argument 1 of 'printf' makes pointer from integer without a cast [-Wint-conversion]
  printf(status)
         ^~~~~~
../src/main_loop.c:21:9: note: expected 'const char *' but argument is of type 'int'
../src/main_loop.c:21:16: error: expected ';' before 'if'
  printf(status)
                ^
                ;
  if (status == XST_SUCCESS)
  ~~             
make: *** [src/subdir.mk:32: src/main_loop.o] Error 1
16:33:03 **** Auto Build of configuration Debug for project Lab_1b_Stopwatch ****
make all 
'Building file: ../src/main_loop.c'
'Invoking: MicroBlaze gcc compiler'
mb-gcc -Wall -O0 -g3 -c -fmessage-length=0 -MT"src/main_loop.o" -I../../Lab_1b_Stopwatch_bsp/microblaze_0/include -mlittle-endian -mxl-barrel-shift -mcpu=v11.0 -mno-xl-soft-mul -Wl,--no-relax -ffunction-sections -fdata-sections -MMD -MP -MF"src/main_loop.d" -MT"src/main_loop.o" -o "src/main_loop.o" "../src/main_loop.c"
In file included from ../src/interrupts.h:13,
                 from ../src/main_loop.c:8:
../../Lab_1b_Stopwatch_bsp/microblaze_0/include/xbasic_types.h:120:2: warning: #warning The xbasics_type.h file is deprecated and users should use xil_types.h and xil_assert. [-Wcpp]
 #warning  The xbasics_type.h file is deprecated and users should use xil_types.h and xil_assert.
  ^~~~~~~
../../Lab_1b_Stopwatch_bsp/microblaze_0/include/xbasic_types.h:121:2: warning: #warning Please refer the Standalone BSP UG647 for further details [-Wcpp]
 #warning  Please refer the Standalone BSP UG647 for further details
  ^~~~~~~
../src/main_loop.c: In function 'main':
../src/main_loop.c:21:13: warning: passing argument 1 of 'xil_printf' makes pointer from integer without a cast [-Wint-conversion]
  xil_printf(status);
             ^~~~~~
In file included from ../../Lab_1b_Stopwatch_bsp/microblaze_0/include/xil_io.h:61,
                 from ../../Lab_1b_Stopwatch_bsp/microblaze_0/include/xtmrctr_l.h:75,
                 from ../../Lab_1b_Stopwatch_bsp/microblaze_0/include/xtmrctr.h:180,
                 from ../src/interrupts.h:7,
                 from ../src/main_loop.c:8:
../../Lab_1b_Stopwatch_bsp/microblaze_0/include/xil_printf.h:39:31: note: expected 'const char8 *' {aka 'const char *'} but argument is of type 'int'
 void xil_printf( const char8 *ctrl1, ...);
                  ~~~~~~~~~~~~~^~~~~
'Finished building: ../src/main_loop.c'
' '
'Building target: Lab_1b_Stopwatch.elf'
'Invoking: MicroBlaze gcc linker'
mb-gcc -Wl,-T -Wl,../src/lscript.ld -L../../Lab_1b_Stopwatch_bsp/microblaze_0/lib -mlittle-endian -mxl-barrel-shift -mcpu=v11.0 -mno-xl-soft-mul -Wl,--no-relax -Wl,--gc-sections -o "Lab_1b_Stopwatch.elf"  ./src/interrupts.o ./src/main_loop.o ./src/platform.o ./src/sevenSeg_new.o   -Wl,--start-group,-lxil,-lgcc,-lc,--end-group
'Finished building target: Lab_1b_Stopwatch.elf'
' '
'Invoking: MicroBlaze Print Size'
mb-size Lab_1b_Stopwatch.elf  |tee "Lab_1b_Stopwatch.elf.size"
   text	   data	    bss	    dec	    hex	filename
   7968	    736	   2120	  10824	   2a48	Lab_1b_Stopwatch.elf
'Finished building: Lab_1b_Stopwatch.elf.size'
' '
16:33:24 **** Incremental Build of configuration Debug for project Lab_1b_Stopwatch ****
make all 
make: Nothing to be done for 'all'.
16:36:39 **** Auto Build of configuration Debug for project Lab_1b_Stopwatch ****
make all 
'Building file: ../src/main_loop.c'
'Invoking: MicroBlaze gcc compiler'
mb-gcc -Wall -O0 -g3 -c -fmessage-length=0 -MT"src/main_loop.o" -I../../Lab_1b_Stopwatch_bsp/microblaze_0/include -mlittle-endian -mxl-barrel-shift -mcpu=v11.0 -mno-xl-soft-mul -Wl,--no-relax -ffunction-sections -fdata-sections -MMD -MP -MF"src/main_loop.d" -MT"src/main_loop.o" -o "src/main_loop.o" "../src/main_loop.c"
In file included from ../src/interrupts.h:13,
                 from ../src/main_loop.c:8:
../../Lab_1b_Stopwatch_bsp/microblaze_0/include/xbasic_types.h:120:2: warning: #warning The xbasics_type.h file is deprecated and users should use xil_types.h and xil_assert. [-Wcpp]
 #warning  The xbasics_type.h file is deprecated and users should use xil_types.h and xil_assert.
  ^~~~~~~
../../Lab_1b_Stopwatch_bsp/microblaze_0/include/xbasic_types.h:121:2: warning: #warning Please refer the Standalone BSP UG647 for further details [-Wcpp]
 #warning  Please refer the Standalone BSP UG647 for further details
  ^~~~~~~
../src/main_loop.c: In function 'main':
../src/main_loop.c:21:2: warning: implicit declaration of function 'printf' [-Wimplicit-function-declaration]
  printf(status);
  ^~~~~~
../src/main_loop.c:21:2: warning: incompatible implicit declaration of built-in function 'printf'
../src/main_loop.c:21:2: note: include '<stdio.h>' or provide a declaration of 'printf'
../src/main_loop.c:12:1:
+#include <stdio.h>
 XGpio LED_Gpio;
../src/main_loop.c:21:2:
  printf(status);
  ^~~~~~
../src/main_loop.c:21:9: warning: passing argument 1 of 'printf' makes pointer from integer without a cast [-Wint-conversion]
  printf(status);
         ^~~~~~
../src/main_loop.c:21:9: note: expected 'const char *' but argument is of type 'int'
'Finished building: ../src/main_loop.c'
' '
'Building target: Lab_1b_Stopwatch.elf'
'Invoking: MicroBlaze gcc linker'
mb-gcc -Wl,-T -Wl,../src/lscript.ld -L../../Lab_1b_Stopwatch_bsp/microblaze_0/lib -mlittle-endian -mxl-barrel-shift -mcpu=v11.0 -mno-xl-soft-mul -Wl,--no-relax -Wl,--gc-sections -o "Lab_1b_Stopwatch.elf"  ./src/interrupts.o ./src/main_loop.o ./src/platform.o ./src/sevenSeg_new.o   -Wl,--start-group,-lxil,-lgcc,-lc,--end-group
'Finished building target: Lab_1b_Stopwatch.elf'
' '
'Invoking: MicroBlaze Print Size'
mb-size Lab_1b_Stopwatch.elf  |tee "Lab_1b_Stopwatch.elf.size"
   text	   data	    bss	    dec	    hex	filename
  76464	   1776	   2184	  80424	  13a28	Lab_1b_Stopwatch.elf
'Finished building: Lab_1b_Stopwatch.elf.size'
' '
16:36:45 **** Incremental Build of configuration Debug for project Lab_1b_Stopwatch ****
make all 
make: Nothing to be done for 'all'.
16:37:00 **** Auto Build of configuration Debug for project Lab_1b_Stopwatch ****
make all 
'Building file: ../src/main_loop.c'
'Invoking: MicroBlaze gcc compiler'
mb-gcc -Wall -O0 -g3 -c -fmessage-length=0 -MT"src/main_loop.o" -I../../Lab_1b_Stopwatch_bsp/microblaze_0/include -mlittle-endian -mxl-barrel-shift -mcpu=v11.0 -mno-xl-soft-mul -Wl,--no-relax -ffunction-sections -fdata-sections -MMD -MP -MF"src/main_loop.d" -MT"src/main_loop.o" -o "src/main_loop.o" "../src/main_loop.c"
In file included from ../src/interrupts.h:13,
                 from ../src/main_loop.c:8:
../../Lab_1b_Stopwatch_bsp/microblaze_0/include/xbasic_types.h:120:2: warning: #warning The xbasics_type.h file is deprecated and users should use xil_types.h and xil_assert. [-Wcpp]
 #warning  The xbasics_type.h file is deprecated and users should use xil_types.h and xil_assert.
  ^~~~~~~
../../Lab_1b_Stopwatch_bsp/microblaze_0/include/xbasic_types.h:121:2: warning: #warning Please refer the Standalone BSP UG647 for further details [-Wcpp]
 #warning  Please refer the Standalone BSP UG647 for further details
  ^~~~~~~
'Finished building: ../src/main_loop.c'
' '
'Building target: Lab_1b_Stopwatch.elf'
'Invoking: MicroBlaze gcc linker'
mb-gcc -Wl,-T -Wl,../src/lscript.ld -L../../Lab_1b_Stopwatch_bsp/microblaze_0/lib -mlittle-endian -mxl-barrel-shift -mcpu=v11.0 -mno-xl-soft-mul -Wl,--no-relax -Wl,--gc-sections -o "Lab_1b_Stopwatch.elf"  ./src/interrupts.o ./src/main_loop.o ./src/platform.o ./src/sevenSeg_new.o   -Wl,--start-group,-lxil,-lgcc,-lc,--end-group
'Finished building target: Lab_1b_Stopwatch.elf'
' '
'Invoking: MicroBlaze Print Size'
mb-size Lab_1b_Stopwatch.elf  |tee "Lab_1b_Stopwatch.elf.size"
   text	   data	    bss	    dec	    hex	filename
   2984	    372	   2124	   5480	   1568	Lab_1b_Stopwatch.elf
'Finished building: Lab_1b_Stopwatch.elf.size'
' '
16:42:40 **** Auto Build of configuration Debug for project Lab_1b_Stopwatch ****
make all 
'Building file: ../src/main_loop.c'
'Invoking: MicroBlaze gcc compiler'
mb-gcc -Wall -O0 -g3 -c -fmessage-length=0 -MT"src/main_loop.o" -I../../Lab_1b_Stopwatch_bsp/microblaze_0/include -mlittle-endian -mxl-barrel-shift -mcpu=v11.0 -mno-xl-soft-mul -Wl,--no-relax -ffunction-sections -fdata-sections -MMD -MP -MF"src/main_loop.d" -MT"src/main_loop.o" -o "src/main_loop.o" "../src/main_loop.c"
In file included from ../src/interrupts.h:13,
                 from ../src/main_loop.c:8:
../../Lab_1b_Stopwatch_bsp/microblaze_0/include/xbasic_types.h:120:2: warning: #warning The xbasics_type.h file is deprecated and users should use xil_types.h and xil_assert. [-Wcpp]
 #warning  The xbasics_type.h file is deprecated and users should use xil_types.h and xil_assert.
  ^~~~~~~
../../Lab_1b_Stopwatch_bsp/microblaze_0/include/xbasic_types.h:121:2: warning: #warning Please refer the Standalone BSP UG647 for further details [-Wcpp]
 #warning  Please refer the Standalone BSP UG647 for further details
  ^~~~~~~
'Finished building: ../src/main_loop.c'
' '
'Building target: Lab_1b_Stopwatch.elf'
'Invoking: MicroBlaze gcc linker'
mb-gcc -Wl,-T -Wl,../src/lscript.ld -L../../Lab_1b_Stopwatch_bsp/microblaze_0/lib -mlittle-endian -mxl-barrel-shift -mcpu=v11.0 -mno-xl-soft-mul -Wl,--no-relax -Wl,--gc-sections -o "Lab_1b_Stopwatch.elf"  ./src/interrupts.o ./src/main_loop.o ./src/platform.o ./src/sevenSeg_new.o   -Wl,--start-group,-lxil,-lgcc,-lc,--end-group
'Finished building target: Lab_1b_Stopwatch.elf'
' '
'Invoking: MicroBlaze Print Size'
mb-size Lab_1b_Stopwatch.elf  |tee "Lab_1b_Stopwatch.elf.size"
   text	   data	    bss	    dec	    hex	filename
   2984	    372	   2124	   5480	   1568	Lab_1b_Stopwatch.elf
'Finished building: Lab_1b_Stopwatch.elf.size'
' '
16:42:44 **** Auto Build of configuration Debug for project Lab_1b_Stopwatch ****
make all 
'Building file: ../src/main_loop.c'
'Invoking: MicroBlaze gcc compiler'
mb-gcc -Wall -O0 -g3 -c -fmessage-length=0 -MT"src/main_loop.o" -I../../Lab_1b_Stopwatch_bsp/microblaze_0/include -mlittle-endian -mxl-barrel-shift -mcpu=v11.0 -mno-xl-soft-mul -Wl,--no-relax -ffunction-sections -fdata-sections -MMD -MP -MF"src/main_loop.d" -MT"src/main_loop.o" -o "src/main_loop.o" "../src/main_loop.c"
In file included from ../src/interrupts.h:13,
                 from ../src/main_loop.c:8:
../../Lab_1b_Stopwatch_bsp/microblaze_0/include/xbasic_types.h:120:2: warning: #warning The xbasics_type.h file is deprecated and users should use xil_types.h and xil_assert. [-Wcpp]
 #warning  The xbasics_type.h file is deprecated and users should use xil_types.h and xil_assert.
  ^~~~~~~
../../Lab_1b_Stopwatch_bsp/microblaze_0/include/xbasic_types.h:121:2: warning: #warning Please refer the Standalone BSP UG647 for further details [-Wcpp]
 #warning  Please refer the Standalone BSP UG647 for further details
  ^~~~~~~
'Finished building: ../src/main_loop.c'
' '
'Building target: Lab_1b_Stopwatch.elf'
'Invoking: MicroBlaze gcc linker'
mb-gcc -Wl,-T -Wl,../src/lscript.ld -L../../Lab_1b_Stopwatch_bsp/microblaze_0/lib -mlittle-endian -mxl-barrel-shift -mcpu=v11.0 -mno-xl-soft-mul -Wl,--no-relax -Wl,--gc-sections -o "Lab_1b_Stopwatch.elf"  ./src/interrupts.o ./src/main_loop.o ./src/platform.o ./src/sevenSeg_new.o   -Wl,--start-group,-lxil,-lgcc,-lc,--end-group
'Finished building target: Lab_1b_Stopwatch.elf'
' '
'Invoking: MicroBlaze Print Size'
mb-size Lab_1b_Stopwatch.elf  |tee "Lab_1b_Stopwatch.elf.size"
   text	   data	    bss	    dec	    hex	filename
   3264	    372	   2124	   5760	   1680	Lab_1b_Stopwatch.elf
'Finished building: Lab_1b_Stopwatch.elf.size'
' '
16:42:48 **** Incremental Build of configuration Debug for project Lab_1b_Stopwatch ****
make all 
make: Nothing to be done for 'all'.
16:44:27 **** Auto Build of configuration Debug for project Lab_1b_Stopwatch ****
make all 
'Building file: ../src/main_loop.c'
'Invoking: MicroBlaze gcc compiler'
mb-gcc -Wall -O0 -g3 -c -fmessage-length=0 -MT"src/main_loop.o" -I../../Lab_1b_Stopwatch_bsp/microblaze_0/include -mlittle-endian -mxl-barrel-shift -mcpu=v11.0 -mno-xl-soft-mul -Wl,--no-relax -ffunction-sections -fdata-sections -MMD -MP -MF"src/main_loop.d" -MT"src/main_loop.o" -o "src/main_loop.o" "../src/main_loop.c"
In file included from ../src/interrupts.h:13,
                 from ../src/main_loop.c:8:
../../Lab_1b_Stopwatch_bsp/microblaze_0/include/xbasic_types.h:120:2: warning: #warning The xbasics_type.h file is deprecated and users should use xil_types.h and xil_assert. [-Wcpp]
 #warning  The xbasics_type.h file is deprecated and users should use xil_types.h and xil_assert.
  ^~~~~~~
../../Lab_1b_Stopwatch_bsp/microblaze_0/include/xbasic_types.h:121:2: warning: #warning Please refer the Standalone BSP UG647 for further details [-Wcpp]
 #warning  Please refer the Standalone BSP UG647 for further details
  ^~~~~~~
../src/main_loop.c: In function 'Init_Intc_Function':
../src/main_loop.c:17:15: error: expected '=', ',', ';', 'asm' or '__attribute__' before '{' token
 int main(void){
               ^
../src/main_loop.c:38: error: expected '{' at end of input
../src/main_loop.c:36:1: warning: control reaches end of non-void function [-Wreturn-type]
 }
 ^
make: *** [src/subdir.mk:32: src/main_loop.o] Error 1
16:47:49 **** Auto Build of configuration Debug for project Lab_1b_Stopwatch ****
make all 
'Building file: ../src/main_loop.c'
'Invoking: MicroBlaze gcc compiler'
mb-gcc -Wall -O0 -g3 -c -fmessage-length=0 -MT"src/main_loop.o" -I../../Lab_1b_Stopwatch_bsp/microblaze_0/include -mlittle-endian -mxl-barrel-shift -mcpu=v11.0 -mno-xl-soft-mul -Wl,--no-relax -ffunction-sections -fdata-sections -MMD -MP -MF"src/main_loop.d" -MT"src/main_loop.o" -o "src/main_loop.o" "../src/main_loop.c"
In file included from ../src/interrupts.h:13,
                 from ../src/main_loop.c:8:
../../Lab_1b_Stopwatch_bsp/microblaze_0/include/xbasic_types.h:120:2: warning: #warning The xbasics_type.h file is deprecated and users should use xil_types.h and xil_assert. [-Wcpp]
 #warning  The xbasics_type.h file is deprecated and users should use xil_types.h and xil_assert.
  ^~~~~~~
../../Lab_1b_Stopwatch_bsp/microblaze_0/include/xbasic_types.h:121:2: warning: #warning Please refer the Standalone BSP UG647 for further details [-Wcpp]
 #warning  Please refer the Standalone BSP UG647 for further details
  ^~~~~~~
../src/main_loop.c: In function 'Init_Intc_Function':
../src/main_loop.c:19:1: warning: control reaches end of non-void function [-Wreturn-type]
 }
 ^
'Finished building: ../src/main_loop.c'
' '
'Building target: Lab_1b_Stopwatch.elf'
'Invoking: MicroBlaze gcc linker'
mb-gcc -Wl,-T -Wl,../src/lscript.ld -L../../Lab_1b_Stopwatch_bsp/microblaze_0/lib -mlittle-endian -mxl-barrel-shift -mcpu=v11.0 -mno-xl-soft-mul -Wl,--no-relax -Wl,--gc-sections -o "Lab_1b_Stopwatch.elf"  ./src/interrupts.o ./src/main_loop.o ./src/platform.o ./src/sevenSeg_new.o   -Wl,--start-group,-lxil,-lgcc,-lc,--end-group
'Finished building target: Lab_1b_Stopwatch.elf'
' '
'Invoking: MicroBlaze Print Size'
mb-size Lab_1b_Stopwatch.elf  |tee "Lab_1b_Stopwatch.elf.size"
   text	   data	    bss	    dec	    hex	filename
   3264	    372	   2124	   5760	   1680	Lab_1b_Stopwatch.elf
'Finished building: Lab_1b_Stopwatch.elf.size'
' '
16:51:17 **** Auto Build of configuration Debug for project Lab_1b_Stopwatch ****
make all 
'Building file: ../src/main_loop.c'
'Invoking: MicroBlaze gcc compiler'
mb-gcc -Wall -O0 -g3 -c -fmessage-length=0 -MT"src/main_loop.o" -I../../Lab_1b_Stopwatch_bsp/microblaze_0/include -mlittle-endian -mxl-barrel-shift -mcpu=v11.0 -mno-xl-soft-mul -Wl,--no-relax -ffunction-sections -fdata-sections -MMD -MP -MF"src/main_loop.d" -MT"src/main_loop.o" -o "src/main_loop.o" "../src/main_loop.c"
In file included from ../src/interrupts.h:13,
                 from ../src/main_loop.c:8:
../../Lab_1b_Stopwatch_bsp/microblaze_0/include/xbasic_types.h:120:2: warning: #warning The xbasics_type.h file is deprecated and users should use xil_types.h and xil_assert. [-Wcpp]
 #warning  The xbasics_type.h file is deprecated and users should use xil_types.h and xil_assert.
  ^~~~~~~
../../Lab_1b_Stopwatch_bsp/microblaze_0/include/xbasic_types.h:121:2: warning: #warning Please refer the Standalone BSP UG647 for further details [-Wcpp]
 #warning  Please refer the Standalone BSP UG647 for further details
  ^~~~~~~
../src/main_loop.c: In function 'Init_Intc_Function':
../src/main_loop.c:19:1: warning: control reaches end of non-void function [-Wreturn-type]
 }
 ^
'Finished building: ../src/main_loop.c'
' '
'Building target: Lab_1b_Stopwatch.elf'
'Invoking: MicroBlaze gcc linker'
mb-gcc -Wl,-T -Wl,../src/lscript.ld -L../../Lab_1b_Stopwatch_bsp/microblaze_0/lib -mlittle-endian -mxl-barrel-shift -mcpu=v11.0 -mno-xl-soft-mul -Wl,--no-relax -Wl,--gc-sections -o "Lab_1b_Stopwatch.elf"  ./src/interrupts.o ./src/main_loop.o ./src/platform.o ./src/sevenSeg_new.o   -Wl,--start-group,-lxil,-lgcc,-lc,--end-group
'Finished building target: Lab_1b_Stopwatch.elf'
' '
'Invoking: MicroBlaze Print Size'
mb-size Lab_1b_Stopwatch.elf  |tee "Lab_1b_Stopwatch.elf.size"
   text	   data	    bss	    dec	    hex	filename
   3264	    372	   2124	   5760	   1680	Lab_1b_Stopwatch.elf
'Finished building: Lab_1b_Stopwatch.elf.size'
' '
16:51:48 **** Auto Build of configuration Debug for project Lab_1b_Stopwatch ****
make all 
'Building file: ../src/main_loop.c'
'Invoking: MicroBlaze gcc compiler'
mb-gcc -Wall -O0 -g3 -c -fmessage-length=0 -MT"src/main_loop.o" -I../../Lab_1b_Stopwatch_bsp/microblaze_0/include -mlittle-endian -mxl-barrel-shift -mcpu=v11.0 -mno-xl-soft-mul -Wl,--no-relax -ffunction-sections -fdata-sections -MMD -MP -MF"src/main_loop.d" -MT"src/main_loop.o" -o "src/main_loop.o" "../src/main_loop.c"
In file included from ../src/interrupts.h:13,
                 from ../src/main_loop.c:8:
../../Lab_1b_Stopwatch_bsp/microblaze_0/include/xbasic_types.h:120:2: warning: #warning The xbasics_type.h file is deprecated and users should use xil_types.h and xil_assert. [-Wcpp]
 #warning  The xbasics_type.h file is deprecated and users should use xil_types.h and xil_assert.
  ^~~~~~~
../../Lab_1b_Stopwatch_bsp/microblaze_0/include/xbasic_types.h:121:2: warning: #warning Please refer the Standalone BSP UG647 for further details [-Wcpp]
 #warning  Please refer the Standalone BSP UG647 for further details
  ^~~~~~~
../src/main_loop.c: In function 'Init_Intc_Function':
../src/main_loop.c:21:1: warning: control reaches end of non-void function [-Wreturn-type]
 }
 ^
'Finished building: ../src/main_loop.c'
' '
'Building target: Lab_1b_Stopwatch.elf'
'Invoking: MicroBlaze gcc linker'
mb-gcc -Wl,-T -Wl,../src/lscript.ld -L../../Lab_1b_Stopwatch_bsp/microblaze_0/lib -mlittle-endian -mxl-barrel-shift -mcpu=v11.0 -mno-xl-soft-mul -Wl,--no-relax -Wl,--gc-sections -o "Lab_1b_Stopwatch.elf"  ./src/interrupts.o ./src/main_loop.o ./src/platform.o ./src/sevenSeg_new.o   -Wl,--start-group,-lxil,-lgcc,-lc,--end-group
'Finished building target: Lab_1b_Stopwatch.elf'
' '
'Invoking: MicroBlaze Print Size'
mb-size Lab_1b_Stopwatch.elf  |tee "Lab_1b_Stopwatch.elf.size"
   text	   data	    bss	    dec	    hex	filename
   3264	    372	   2124	   5760	   1680	Lab_1b_Stopwatch.elf
'Finished building: Lab_1b_Stopwatch.elf.size'
' '
17:08:41 **** Auto Build of configuration Debug for project Lab_1b_Stopwatch ****
make all 
'Building file: ../src/main_loop.c'
'Invoking: MicroBlaze gcc compiler'
mb-gcc -Wall -O0 -g3 -c -fmessage-length=0 -MT"src/main_loop.o" -I../../Lab_1b_Stopwatch_bsp/microblaze_0/include -mlittle-endian -mxl-barrel-shift -mcpu=v11.0 -mno-xl-soft-mul -Wl,--no-relax -ffunction-sections -fdata-sections -MMD -MP -MF"src/main_loop.d" -MT"src/main_loop.o" -o "src/main_loop.o" "../src/main_loop.c"
In file included from ../src/interrupts.h:13,
                 from ../src/main_loop.c:8:
../../Lab_1b_Stopwatch_bsp/microblaze_0/include/xbasic_types.h:120:2: warning: #warning The xbasics_type.h file is deprecated and users should use xil_types.h and xil_assert. [-Wcpp]
 #warning  The xbasics_type.h file is deprecated and users should use xil_types.h and xil_assert.
  ^~~~~~~
../../Lab_1b_Stopwatch_bsp/microblaze_0/include/xbasic_types.h:121:2: warning: #warning Please refer the Standalone BSP UG647 for further details [-Wcpp]
 #warning  Please refer the Standalone BSP UG647 for further details
  ^~~~~~~
../src/main_loop.c: In function 'Init_Intc_Function':
../src/main_loop.c:22:6: error: 'status' undeclared (first use in this function); did you mean 'XStatus'?
  if (status == XST_SUCCESS)
      ^~~~~~
      XStatus
../src/main_loop.c:22:6: note: each undeclared identifier is reported only once for each function it appears in
../src/main_loop.c: In function 'main':
../src/main_loop.c:39:6: warning: unused variable 'status' [-Wunused-variable]
  int status;
      ^~~~~~
../src/main_loop.c: In function 'Init_Intc_Function':
../src/main_loop.c:36:1: warning: control reaches end of non-void function [-Wreturn-type]
 }
 ^
make: *** [src/subdir.mk:32: src/main_loop.o] Error 1
17:09:08 **** Auto Build of configuration Debug for project Lab_1b_Stopwatch ****
make all 
'Building file: ../src/main_loop.c'
'Invoking: MicroBlaze gcc compiler'
mb-gcc -Wall -O0 -g3 -c -fmessage-length=0 -MT"src/main_loop.o" -I../../Lab_1b_Stopwatch_bsp/microblaze_0/include -mlittle-endian -mxl-barrel-shift -mcpu=v11.0 -mno-xl-soft-mul -Wl,--no-relax -ffunction-sections -fdata-sections -MMD -MP -MF"src/main_loop.d" -MT"src/main_loop.o" -o "src/main_loop.o" "../src/main_loop.c"
In file included from ../src/interrupts.h:13,
                 from ../src/main_loop.c:8:
../../Lab_1b_Stopwatch_bsp/microblaze_0/include/xbasic_types.h:120:2: warning: #warning The xbasics_type.h file is deprecated and users should use xil_types.h and xil_assert. [-Wcpp]
 #warning  The xbasics_type.h file is deprecated and users should use xil_types.h and xil_assert.
  ^~~~~~~
../../Lab_1b_Stopwatch_bsp/microblaze_0/include/xbasic_types.h:121:2: warning: #warning Please refer the Standalone BSP UG647 for further details [-Wcpp]
 #warning  Please refer the Standalone BSP UG647 for further details
  ^~~~~~~
../src/main_loop.c: In function 'Init_Intc_Function':
../src/main_loop.c:31:2: error: 'status' undeclared (first use in this function); did you mean 'XStatus'?
  status = XIntc_Initialize(&sys_intc, INTC_DEVICE_ID);
  ^~~~~~
  XStatus
../src/main_loop.c:31:2: note: each undeclared identifier is reported only once for each function it appears in
../src/main_loop.c: In function 'main':
../src/main_loop.c:39:6: warning: unused variable 'status' [-Wunused-variable]
  int status;
      ^~~~~~
../src/main_loop.c: In function 'Init_Intc_Function':
../src/main_loop.c:36:1: warning: control reaches end of non-void function [-Wreturn-type]
 }
 ^
make: *** [src/subdir.mk:32: src/main_loop.o] Error 1
17:09:25 **** Auto Build of configuration Debug for project Lab_1b_Stopwatch ****
make all 
'Building file: ../src/main_loop.c'
'Invoking: MicroBlaze gcc compiler'
mb-gcc -Wall -O0 -g3 -c -fmessage-length=0 -MT"src/main_loop.o" -I../../Lab_1b_Stopwatch_bsp/microblaze_0/include -mlittle-endian -mxl-barrel-shift -mcpu=v11.0 -mno-xl-soft-mul -Wl,--no-relax -ffunction-sections -fdata-sections -MMD -MP -MF"src/main_loop.d" -MT"src/main_loop.o" -o "src/main_loop.o" "../src/main_loop.c"
In file included from ../src/interrupts.h:13,
                 from ../src/main_loop.c:8:
../../Lab_1b_Stopwatch_bsp/microblaze_0/include/xbasic_types.h:120:2: warning: #warning The xbasics_type.h file is deprecated and users should use xil_types.h and xil_assert. [-Wcpp]
 #warning  The xbasics_type.h file is deprecated and users should use xil_types.h and xil_assert.
  ^~~~~~~
../../Lab_1b_Stopwatch_bsp/microblaze_0/include/xbasic_types.h:121:2: warning: #warning Please refer the Standalone BSP UG647 for further details [-Wcpp]
 #warning  Please refer the Standalone BSP UG647 for further details
  ^~~~~~~
../src/main_loop.c: In function 'main':
../src/main_loop.c:40:6: warning: unused variable 'status' [-Wunused-variable]
  int status;
      ^~~~~~
../src/main_loop.c: In function 'Init_Intc_Function':
../src/main_loop.c:37:1: warning: control reaches end of non-void function [-Wreturn-type]
 }
 ^
'Finished building: ../src/main_loop.c'
' '
'Building target: Lab_1b_Stopwatch.elf'
'Invoking: MicroBlaze gcc linker'
mb-gcc -Wl,-T -Wl,../src/lscript.ld -L../../Lab_1b_Stopwatch_bsp/microblaze_0/lib -mlittle-endian -mxl-barrel-shift -mcpu=v11.0 -mno-xl-soft-mul -Wl,--no-relax -Wl,--gc-sections -o "Lab_1b_Stopwatch.elf"  ./src/interrupts.o ./src/main_loop.o ./src/platform.o ./src/sevenSeg_new.o   -Wl,--start-group,-lxil,-lgcc,-lc,--end-group
'Finished building target: Lab_1b_Stopwatch.elf'
' '
'Invoking: MicroBlaze Print Size'
mb-size Lab_1b_Stopwatch.elf  |tee "Lab_1b_Stopwatch.elf.size"
   text	   data	    bss	    dec	    hex	filename
   2252	    336	   2084	   4672	   1240	Lab_1b_Stopwatch.elf
'Finished building: Lab_1b_Stopwatch.elf.size'
' '
17:10:18 **** Auto Build of configuration Debug for project Lab_1b_Stopwatch ****
make all 
'Building file: ../src/main_loop.c'
'Invoking: MicroBlaze gcc compiler'
mb-gcc -Wall -O0 -g3 -c -fmessage-length=0 -MT"src/main_loop.o" -I../../Lab_1b_Stopwatch_bsp/microblaze_0/include -mlittle-endian -mxl-barrel-shift -mcpu=v11.0 -mno-xl-soft-mul -Wl,--no-relax -ffunction-sections -fdata-sections -MMD -MP -MF"src/main_loop.d" -MT"src/main_loop.o" -o "src/main_loop.o" "../src/main_loop.c"
In file included from ../src/interrupts.h:13,
                 from ../src/main_loop.c:8:
../../Lab_1b_Stopwatch_bsp/microblaze_0/include/xbasic_types.h:120:2: warning: #warning The xbasics_type.h file is deprecated and users should use xil_types.h and xil_assert. [-Wcpp]
 #warning  The xbasics_type.h file is deprecated and users should use xil_types.h and xil_assert.
  ^~~~~~~
../../Lab_1b_Stopwatch_bsp/microblaze_0/include/xbasic_types.h:121:2: warning: #warning Please refer the Standalone BSP UG647 for further details [-Wcpp]
 #warning  Please refer the Standalone BSP UG647 for further details
  ^~~~~~~
../src/main_loop.c: In function 'Init_Intc_Function':
../src/main_loop.c:37:41: error: expected ';' before '}' token
   XGpio_DiscreteWrite(&LED_Gpio, 1, 0x2)
                                         ^
                                         ;
  }
  ~                                       
../src/main_loop.c: In function 'main':
../src/main_loop.c:43:6: warning: unused variable 'status' [-Wunused-variable]
  int status;
      ^~~~~~
../src/main_loop.c: In function 'Init_Intc_Function':
../src/main_loop.c:40:1: warning: control reaches end of non-void function [-Wreturn-type]
 }
 ^
make: *** [src/subdir.mk:32: src/main_loop.o] Error 1
17:10:19 **** Auto Build of configuration Debug for project Lab_1b_Stopwatch ****
make all 
'Building file: ../src/main_loop.c'
'Invoking: MicroBlaze gcc compiler'
mb-gcc -Wall -O0 -g3 -c -fmessage-length=0 -MT"src/main_loop.o" -I../../Lab_1b_Stopwatch_bsp/microblaze_0/include -mlittle-endian -mxl-barrel-shift -mcpu=v11.0 -mno-xl-soft-mul -Wl,--no-relax -ffunction-sections -fdata-sections -MMD -MP -MF"src/main_loop.d" -MT"src/main_loop.o" -o "src/main_loop.o" "../src/main_loop.c"
In file included from ../src/interrupts.h:13,
                 from ../src/main_loop.c:8:
../../Lab_1b_Stopwatch_bsp/microblaze_0/include/xbasic_types.h:120:2: warning: #warning The xbasics_type.h file is deprecated and users should use xil_types.h and xil_assert. [-Wcpp]
 #warning  The xbasics_type.h file is deprecated and users should use xil_types.h and xil_assert.
  ^~~~~~~
../../Lab_1b_Stopwatch_bsp/microblaze_0/include/xbasic_types.h:121:2: warning: #warning Please refer the Standalone BSP UG647 for further details [-Wcpp]
 #warning  Please refer the Standalone BSP UG647 for further details
  ^~~~~~~
../src/main_loop.c: In function 'main':
../src/main_loop.c:43:6: warning: unused variable 'status' [-Wunused-variable]
  int status;
      ^~~~~~
../src/main_loop.c: In function 'Init_Intc_Function':
../src/main_loop.c:40:1: warning: control reaches end of non-void function [-Wreturn-type]
 }
 ^
'Finished building: ../src/main_loop.c'
' '
'Building target: Lab_1b_Stopwatch.elf'
'Invoking: MicroBlaze gcc linker'
mb-gcc -Wl,-T -Wl,../src/lscript.ld -L../../Lab_1b_Stopwatch_bsp/microblaze_0/lib -mlittle-endian -mxl-barrel-shift -mcpu=v11.0 -mno-xl-soft-mul -Wl,--no-relax -Wl,--gc-sections -o "Lab_1b_Stopwatch.elf"  ./src/interrupts.o ./src/main_loop.o ./src/platform.o ./src/sevenSeg_new.o   -Wl,--start-group,-lxil,-lgcc,-lc,--end-group
'Finished building target: Lab_1b_Stopwatch.elf'
' '
'Invoking: MicroBlaze Print Size'
mb-size Lab_1b_Stopwatch.elf  |tee "Lab_1b_Stopwatch.elf.size"
   text	   data	    bss	    dec	    hex	filename
   2252	    336	   2084	   4672	   1240	Lab_1b_Stopwatch.elf
'Finished building: Lab_1b_Stopwatch.elf.size'
' '
17:10:38 **** Auto Build of configuration Debug for project Lab_1b_Stopwatch ****
make all 
'Building file: ../src/main_loop.c'
'Invoking: MicroBlaze gcc compiler'
mb-gcc -Wall -O0 -g3 -c -fmessage-length=0 -MT"src/main_loop.o" -I../../Lab_1b_Stopwatch_bsp/microblaze_0/include -mlittle-endian -mxl-barrel-shift -mcpu=v11.0 -mno-xl-soft-mul -Wl,--no-relax -ffunction-sections -fdata-sections -MMD -MP -MF"src/main_loop.d" -MT"src/main_loop.o" -o "src/main_loop.o" "../src/main_loop.c"
In file included from ../src/interrupts.h:13,
                 from ../src/main_loop.c:8:
../../Lab_1b_Stopwatch_bsp/microblaze_0/include/xbasic_types.h:120:2: warning: #warning The xbasics_type.h file is deprecated and users should use xil_types.h and xil_assert. [-Wcpp]
 #warning  The xbasics_type.h file is deprecated and users should use xil_types.h and xil_assert.
  ^~~~~~~
../../Lab_1b_Stopwatch_bsp/microblaze_0/include/xbasic_types.h:121:2: warning: #warning Please refer the Standalone BSP UG647 for further details [-Wcpp]
 #warning  Please refer the Standalone BSP UG647 for further details
  ^~~~~~~
../src/main_loop.c: In function 'main':
../src/main_loop.c:43:6: warning: unused variable 'status' [-Wunused-variable]
  int status;
      ^~~~~~
../src/main_loop.c: In function 'Init_Intc':
../src/main_loop.c:40:1: warning: control reaches end of non-void function [-Wreturn-type]
 }
 ^
'Finished building: ../src/main_loop.c'
' '
'Building target: Lab_1b_Stopwatch.elf'
'Invoking: MicroBlaze gcc linker'
mb-gcc -Wl,-T -Wl,../src/lscript.ld -L../../Lab_1b_Stopwatch_bsp/microblaze_0/lib -mlittle-endian -mxl-barrel-shift -mcpu=v11.0 -mno-xl-soft-mul -Wl,--no-relax -Wl,--gc-sections -o "Lab_1b_Stopwatch.elf"  ./src/interrupts.o ./src/main_loop.o ./src/platform.o ./src/sevenSeg_new.o   -Wl,--start-group,-lxil,-lgcc,-lc,--end-group
'Finished building target: Lab_1b_Stopwatch.elf'
' '
'Invoking: MicroBlaze Print Size'
mb-size Lab_1b_Stopwatch.elf  |tee "Lab_1b_Stopwatch.elf.size"
   text	   data	    bss	    dec	    hex	filename
   2252	    336	   2084	   4672	   1240	Lab_1b_Stopwatch.elf
'Finished building: Lab_1b_Stopwatch.elf.size'
' '
17:14:19 **** Auto Build of configuration Debug for project Lab_1b_Stopwatch ****
make all 
'Building file: ../src/main_loop.c'
'Invoking: MicroBlaze gcc compiler'
mb-gcc -Wall -O0 -g3 -c -fmessage-length=0 -MT"src/main_loop.o" -I../../Lab_1b_Stopwatch_bsp/microblaze_0/include -mlittle-endian -mxl-barrel-shift -mcpu=v11.0 -mno-xl-soft-mul -Wl,--no-relax -ffunction-sections -fdata-sections -MMD -MP -MF"src/main_loop.d" -MT"src/main_loop.o" -o "src/main_loop.o" "../src/main_loop.c"
In file included from ../src/interrupts.h:13,
                 from ../src/main_loop.c:8:
../../Lab_1b_Stopwatch_bsp/microblaze_0/include/xbasic_types.h:120:2: warning: #warning The xbasics_type.h file is deprecated and users should use xil_types.h and xil_assert. [-Wcpp]
 #warning  The xbasics_type.h file is deprecated and users should use xil_types.h and xil_assert.
  ^~~~~~~
../../Lab_1b_Stopwatch_bsp/microblaze_0/include/xbasic_types.h:121:2: warning: #warning Please refer the Standalone BSP UG647 for further details [-Wcpp]
 #warning  Please refer the Standalone BSP UG647 for further details
  ^~~~~~~
../src/main_loop.c: In function 'Init_Intc':
../src/main_loop.c:39:2: warning: implicit declaration of function 'XGPio_Connect'; did you mean 'XIntc_Connect'? [-Wimplicit-function-declaration]
  XGPio_Connect(&sys_intc, GPIO_to_connect)
  ^~~~~~~~~~~~~
  XIntc_Connect
../src/main_loop.c:39:27: error: 'GPIO_to_connect' undeclared (first use in this function); did you mean 'Gpio_to_connect'?
  XGPio_Connect(&sys_intc, GPIO_to_connect)
                           ^~~~~~~~~~~~~~~
                           Gpio_to_connect
../src/main_loop.c:39:27: note: each undeclared identifier is reported only once for each function it appears in
../src/main_loop.c:39:43: error: expected ';' before '}' token
  XGPio_Connect(&sys_intc, GPIO_to_connect)
                                           ^
                                           ;
../src/main_loop.c:41:1:
 }
 ~                                          
../src/main_loop.c: In function 'main':
../src/main_loop.c:44:6: warning: unused variable 'status' [-Wunused-variable]
  int status;
      ^~~~~~
../src/main_loop.c: In function 'Init_Intc':
../src/main_loop.c:41:1: warning: control reaches end of non-void function [-Wreturn-type]
 }
 ^
make: *** [src/subdir.mk:32: src/main_loop.o] Error 1
17:14:22 **** Auto Build of configuration Debug for project Lab_1b_Stopwatch ****
make all 
'Building file: ../src/main_loop.c'
'Invoking: MicroBlaze gcc compiler'
mb-gcc -Wall -O0 -g3 -c -fmessage-length=0 -MT"src/main_loop.o" -I../../Lab_1b_Stopwatch_bsp/microblaze_0/include -mlittle-endian -mxl-barrel-shift -mcpu=v11.0 -mno-xl-soft-mul -Wl,--no-relax -ffunction-sections -fdata-sections -MMD -MP -MF"src/main_loop.d" -MT"src/main_loop.o" -o "src/main_loop.o" "../src/main_loop.c"
In file included from ../src/interrupts.h:13,
                 from ../src/main_loop.c:8:
../../Lab_1b_Stopwatch_bsp/microblaze_0/include/xbasic_types.h:120:2: warning: #warning The xbasics_type.h file is deprecated and users should use xil_types.h and xil_assert. [-Wcpp]
 #warning  The xbasics_type.h file is deprecated and users should use xil_types.h and xil_assert.
  ^~~~~~~
../../Lab_1b_Stopwatch_bsp/microblaze_0/include/xbasic_types.h:121:2: warning: #warning Please refer the Standalone BSP UG647 for further details [-Wcpp]
 #warning  Please refer the Standalone BSP UG647 for further details
  ^~~~~~~
../src/main_loop.c: In function 'Init_Intc':
../src/main_loop.c:18:5: warning: type of 'Gpio_to_connect' defaults to 'int' [-Wimplicit-int]
 int Init_Intc(Gpio_to_connect)
     ^~~~~~~~~
../src/main_loop.c:39:2: warning: implicit declaration of function 'XGPio_Connect'; did you mean 'XIntc_Connect'? [-Wimplicit-function-declaration]
  XGPio_Connect(&sys_intc, GPIO_to_connect)
  ^~~~~~~~~~~~~
  XIntc_Connect
../src/main_loop.c:39:27: error: 'GPIO_to_connect' undeclared (first use in this function); did you mean 'Gpio_to_connect'?
  XGPio_Connect(&sys_intc, GPIO_to_connect)
                           ^~~~~~~~~~~~~~~
                           Gpio_to_connect
../src/main_loop.c:39:27: note: each undeclared identifier is reported only once for each function it appears in
../src/main_loop.c:39:43: error: expected ';' before '}' token
  XGPio_Connect(&sys_intc, GPIO_to_connect)
                                           ^
                                           ;
../src/main_loop.c:41:1:
 }
 ~                                          
../src/main_loop.c: In function 'main':
../src/main_loop.c:44:6: warning: unused variable 'status' [-Wunused-variable]
  int status;
      ^~~~~~
../src/main_loop.c: In function 'Init_Intc':
../src/main_loop.c:41:1: warning: control reaches end of non-void function [-Wreturn-type]
 }
 ^
make: *** [src/subdir.mk:32: src/main_loop.o] Error 1
17:14:25 **** Auto Build of configuration Debug for project Lab_1b_Stopwatch ****
make all 
'Building file: ../src/main_loop.c'
'Invoking: MicroBlaze gcc compiler'
mb-gcc -Wall -O0 -g3 -c -fmessage-length=0 -MT"src/main_loop.o" -I../../Lab_1b_Stopwatch_bsp/microblaze_0/include -mlittle-endian -mxl-barrel-shift -mcpu=v11.0 -mno-xl-soft-mul -Wl,--no-relax -ffunction-sections -fdata-sections -MMD -MP -MF"src/main_loop.d" -MT"src/main_loop.o" -o "src/main_loop.o" "../src/main_loop.c"
In file included from ../src/interrupts.h:13,
                 from ../src/main_loop.c:8:
../../Lab_1b_Stopwatch_bsp/microblaze_0/include/xbasic_types.h:120:2: warning: #warning The xbasics_type.h file is deprecated and users should use xil_types.h and xil_assert. [-Wcpp]
 #warning  The xbasics_type.h file is deprecated and users should use xil_types.h and xil_assert.
  ^~~~~~~
../../Lab_1b_Stopwatch_bsp/microblaze_0/include/xbasic_types.h:121:2: warning: #warning Please refer the Standalone BSP UG647 for further details [-Wcpp]
 #warning  Please refer the Standalone BSP UG647 for further details
  ^~~~~~~
../src/main_loop.c: In function 'Init_Intc':
../src/main_loop.c:18:5: warning: type of 'Gpio_to_connect' defaults to 'int' [-Wimplicit-int]
 int Init_Intc(Gpio_to_connect)
     ^~~~~~~~~
../src/main_loop.c:39:2: warning: implicit declaration of function 'XGPio_Connect'; did you mean 'XIntc_Connect'? [-Wimplicit-function-declaration]
  XGPio_Connect(&sys_intc, GPIO_to_connect);
  ^~~~~~~~~~~~~
  XIntc_Connect
../src/main_loop.c:39:27: error: 'GPIO_to_connect' undeclared (first use in this function); did you mean 'Gpio_to_connect'?
  XGPio_Connect(&sys_intc, GPIO_to_connect);
                           ^~~~~~~~~~~~~~~
                           Gpio_to_connect
../src/main_loop.c:39:27: note: each undeclared identifier is reported only once for each function it appears in
../src/main_loop.c: In function 'main':
../src/main_loop.c:44:6: warning: unused variable 'status' [-Wunused-variable]
  int status;
      ^~~~~~
../src/main_loop.c: In function 'Init_Intc':
../src/main_loop.c:41:1: warning: control reaches end of non-void function [-Wreturn-type]
 }
 ^
make: *** [src/subdir.mk:32: src/main_loop.o] Error 1
17:14:39 **** Auto Build of configuration Debug for project Lab_1b_Stopwatch ****
make all 
'Building file: ../src/main_loop.c'
'Invoking: MicroBlaze gcc compiler'
mb-gcc -Wall -O0 -g3 -c -fmessage-length=0 -MT"src/main_loop.o" -I../../Lab_1b_Stopwatch_bsp/microblaze_0/include -mlittle-endian -mxl-barrel-shift -mcpu=v11.0 -mno-xl-soft-mul -Wl,--no-relax -ffunction-sections -fdata-sections -MMD -MP -MF"src/main_loop.d" -MT"src/main_loop.o" -o "src/main_loop.o" "../src/main_loop.c"
In file included from ../src/interrupts.h:13,
                 from ../src/main_loop.c:8:
../../Lab_1b_Stopwatch_bsp/microblaze_0/include/xbasic_types.h:120:2: warning: #warning The xbasics_type.h file is deprecated and users should use xil_types.h and xil_assert. [-Wcpp]
 #warning  The xbasics_type.h file is deprecated and users should use xil_types.h and xil_assert.
  ^~~~~~~
../../Lab_1b_Stopwatch_bsp/microblaze_0/include/xbasic_types.h:121:2: warning: #warning Please refer the Standalone BSP UG647 for further details [-Wcpp]
 #warning  Please refer the Standalone BSP UG647 for further details
  ^~~~~~~
../src/main_loop.c: In function 'Init_Intc':
../src/main_loop.c:39:2: warning: implicit declaration of function 'XGPio_Connect'; did you mean 'XIntc_Connect'? [-Wimplicit-function-declaration]
  XGPio_Connect(&sys_intc, GPIO_to_connect);
  ^~~~~~~~~~~~~
  XIntc_Connect
../src/main_loop.c:39:27: error: 'GPIO_to_connect' undeclared (first use in this function); did you mean 'Gpio_to_connect'?
  XGPio_Connect(&sys_intc, GPIO_to_connect);
                           ^~~~~~~~~~~~~~~
                           Gpio_to_connect
../src/main_loop.c:39:27: note: each undeclared identifier is reported only once for each function it appears in
../src/main_loop.c: In function 'main':
../src/main_loop.c:44:6: warning: unused variable 'status' [-Wunused-variable]
  int status;
      ^~~~~~
../src/main_loop.c: In function 'Init_Intc':
../src/main_loop.c:41:1: warning: control reaches end of non-void function [-Wreturn-type]
 }
 ^
make: *** [src/subdir.mk:32: src/main_loop.o] Error 1
17:14:51 **** Auto Build of configuration Debug for project Lab_1b_Stopwatch ****
make all 
'Building file: ../src/main_loop.c'
'Invoking: MicroBlaze gcc compiler'
mb-gcc -Wall -O0 -g3 -c -fmessage-length=0 -MT"src/main_loop.o" -I../../Lab_1b_Stopwatch_bsp/microblaze_0/include -mlittle-endian -mxl-barrel-shift -mcpu=v11.0 -mno-xl-soft-mul -Wl,--no-relax -ffunction-sections -fdata-sections -MMD -MP -MF"src/main_loop.d" -MT"src/main_loop.o" -o "src/main_loop.o" "../src/main_loop.c"
In file included from ../src/interrupts.h:13,
                 from ../src/main_loop.c:8:
../../Lab_1b_Stopwatch_bsp/microblaze_0/include/xbasic_types.h:120:2: warning: #warning The xbasics_type.h file is deprecated and users should use xil_types.h and xil_assert. [-Wcpp]
 #warning  The xbasics_type.h file is deprecated and users should use xil_types.h and xil_assert.
  ^~~~~~~
../../Lab_1b_Stopwatch_bsp/microblaze_0/include/xbasic_types.h:121:2: warning: #warning Please refer the Standalone BSP UG647 for further details [-Wcpp]
 #warning  Please refer the Standalone BSP UG647 for further details
  ^~~~~~~
../src/main_loop.c: In function 'Init_Intc':
../src/main_loop.c:39:2: warning: implicit declaration of function 'XGPio_Connect'; did you mean 'XIntc_Connect'? [-Wimplicit-function-declaration]
  XGPio_Connect(&sys_intc, Gpio_to_connect);
  ^~~~~~~~~~~~~
  XIntc_Connect
../src/main_loop.c: In function 'main':
../src/main_loop.c:44:6: warning: unused variable 'status' [-Wunused-variable]
  int status;
      ^~~~~~
../src/main_loop.c: In function 'Init_Intc':
../src/main_loop.c:41:1: warning: control reaches end of non-void function [-Wreturn-type]
 }
 ^
'Finished building: ../src/main_loop.c'
' '
'Building target: Lab_1b_Stopwatch.elf'
'Invoking: MicroBlaze gcc linker'
mb-gcc -Wl,-T -Wl,../src/lscript.ld -L../../Lab_1b_Stopwatch_bsp/microblaze_0/lib -mlittle-endian -mxl-barrel-shift -mcpu=v11.0 -mno-xl-soft-mul -Wl,--no-relax -Wl,--gc-sections -o "Lab_1b_Stopwatch.elf"  ./src/interrupts.o ./src/main_loop.o ./src/platform.o ./src/sevenSeg_new.o   -Wl,--start-group,-lxil,-lgcc,-lc,--end-group
'Finished building target: Lab_1b_Stopwatch.elf'
' '
'Invoking: MicroBlaze Print Size'
mb-size Lab_1b_Stopwatch.elf  |tee "Lab_1b_Stopwatch.elf.size"
   text	   data	    bss	    dec	    hex	filename
   2252	    336	   2084	   4672	   1240	Lab_1b_Stopwatch.elf
'Finished building: Lab_1b_Stopwatch.elf.size'
' '
17:16:13 **** Auto Build of configuration Debug for project Lab_1b_Stopwatch ****
make all 
'Building file: ../src/main_loop.c'
'Invoking: MicroBlaze gcc compiler'
mb-gcc -Wall -O0 -g3 -c -fmessage-length=0 -MT"src/main_loop.o" -I../../Lab_1b_Stopwatch_bsp/microblaze_0/include -mlittle-endian -mxl-barrel-shift -mcpu=v11.0 -mno-xl-soft-mul -Wl,--no-relax -ffunction-sections -fdata-sections -MMD -MP -MF"src/main_loop.d" -MT"src/main_loop.o" -o "src/main_loop.o" "../src/main_loop.c"
In file included from ../src/interrupts.h:13,
                 from ../src/main_loop.c:8:
../../Lab_1b_Stopwatch_bsp/microblaze_0/include/xbasic_types.h:120:2: warning: #warning The xbasics_type.h file is deprecated and users should use xil_types.h and xil_assert. [-Wcpp]
 #warning  The xbasics_type.h file is deprecated and users should use xil_types.h and xil_assert.
  ^~~~~~~
../../Lab_1b_Stopwatch_bsp/microblaze_0/include/xbasic_types.h:121:2: warning: #warning Please refer the Standalone BSP UG647 for further details [-Wcpp]
 #warning  Please refer the Standalone BSP UG647 for further details
  ^~~~~~~
../src/main_loop.c: In function 'Init_Intc':
../src/main_loop.c:39:27: error: incompatible type for argument 2 of 'XIntc_Connect'
  XIntc_Connect(&sys_intc, Gpio_to_connect);
                           ^~~~~~~~~~~~~~~
In file included from ../src/interrupts.h:8,
                 from ../src/main_loop.c:8:
../../Lab_1b_Stopwatch_bsp/microblaze_0/include/xintc.h:341:43: note: expected 'u8' {aka 'unsigned char'} but argument is of type 'XGpio' {aka 'struct <anonymous>'}
 int XIntc_Connect(XIntc * InstancePtr, u8 Id,
                                        ~~~^~
../src/main_loop.c:39:2: error: too few arguments to function 'XIntc_Connect'
  XIntc_Connect(&sys_intc, Gpio_to_connect);
  ^~~~~~~~~~~~~
In file included from ../src/interrupts.h:8,
                 from ../src/main_loop.c:8:
../../Lab_1b_Stopwatch_bsp/microblaze_0/include/xintc.h:341:5: note: declared here
 int XIntc_Connect(XIntc * InstancePtr, u8 Id,
     ^~~~~~~~~~~~~
../src/main_loop.c: In function 'main':
../src/main_loop.c:44:6: warning: unused variable 'status' [-Wunused-variable]
  int status;
      ^~~~~~
../src/main_loop.c: In function 'Init_Intc':
../src/main_loop.c:41:1: warning: control reaches end of non-void function [-Wreturn-type]
 }
 ^
make: *** [src/subdir.mk:32: src/main_loop.o] Error 1
17:16:22 **** Auto Build of configuration Debug for project Lab_1b_Stopwatch ****
make all 
'Building file: ../src/main_loop.c'
'Invoking: MicroBlaze gcc compiler'
mb-gcc -Wall -O0 -g3 -c -fmessage-length=0 -MT"src/main_loop.o" -I../../Lab_1b_Stopwatch_bsp/microblaze_0/include -mlittle-endian -mxl-barrel-shift -mcpu=v11.0 -mno-xl-soft-mul -Wl,--no-relax -ffunction-sections -fdata-sections -MMD -MP -MF"src/main_loop.d" -MT"src/main_loop.o" -o "src/main_loop.o" "../src/main_loop.c"
In file included from ../src/interrupts.h:13,
                 from ../src/main_loop.c:8:
../../Lab_1b_Stopwatch_bsp/microblaze_0/include/xbasic_types.h:120:2: warning: #warning The xbasics_type.h file is deprecated and users should use xil_types.h and xil_assert. [-Wcpp]
 #warning  The xbasics_type.h file is deprecated and users should use xil_types.h and xil_assert.
  ^~~~~~~
../../Lab_1b_Stopwatch_bsp/microblaze_0/include/xbasic_types.h:121:2: warning: #warning Please refer the Standalone BSP UG647 for further details [-Wcpp]
 #warning  Please refer the Standalone BSP UG647 for further details
  ^~~~~~~
../src/main_loop.c: In function 'Init_Intc':
../src/main_loop.c:39:27: warning: passing argument 2 of 'XIntc_Connect' makes integer from pointer without a cast [-Wint-conversion]
  XIntc_Connect(&sys_intc, Gpio_to_connect);
                           ^~~~~~~~~~~~~~~
In file included from ../src/interrupts.h:8,
                 from ../src/main_loop.c:8:
../../Lab_1b_Stopwatch_bsp/microblaze_0/include/xintc.h:341:43: note: expected 'u8' {aka 'unsigned char'} but argument is of type 'XGpio *' {aka 'struct <anonymous> *'}
 int XIntc_Connect(XIntc * InstancePtr, u8 Id,
                                        ~~~^~
../src/main_loop.c:39:2: error: too few arguments to function 'XIntc_Connect'
  XIntc_Connect(&sys_intc, Gpio_to_connect);
  ^~~~~~~~~~~~~
In file included from ../src/interrupts.h:8,
                 from ../src/main_loop.c:8:
../../Lab_1b_Stopwatch_bsp/microblaze_0/include/xintc.h:341:5: note: declared here
 int XIntc_Connect(XIntc * InstancePtr, u8 Id,
     ^~~~~~~~~~~~~
../src/main_loop.c: In function 'main':
../src/main_loop.c:44:6: warning: unused variable 'status' [-Wunused-variable]
  int status;
      ^~~~~~
../src/main_loop.c: In function 'Init_Intc':
../src/main_loop.c:41:1: warning: control reaches end of non-void function [-Wreturn-type]
 }
 ^
make: *** [src/subdir.mk:32: src/main_loop.o] Error 1
17:31:35 **** Auto Build of configuration Debug for project Lab_1b_Stopwatch ****
make all 
'Building file: ../src/main_loop.c'
'Invoking: MicroBlaze gcc compiler'
mb-gcc -Wall -O0 -g3 -c -fmessage-length=0 -MT"src/main_loop.o" -I../../Lab_1b_Stopwatch_bsp/microblaze_0/include -mlittle-endian -mxl-barrel-shift -mcpu=v11.0 -mno-xl-soft-mul -Wl,--no-relax -ffunction-sections -fdata-sections -MMD -MP -MF"src/main_loop.d" -MT"src/main_loop.o" -o "src/main_loop.o" "../src/main_loop.c"
In file included from ../src/interrupts.h:13,
                 from ../src/main_loop.c:8:
../../Lab_1b_Stopwatch_bsp/microblaze_0/include/xbasic_types.h:120:2: warning: #warning The xbasics_type.h file is deprecated and users should use xil_types.h and xil_assert. [-Wcpp]
 #warning  The xbasics_type.h file is deprecated and users should use xil_types.h and xil_assert.
  ^~~~~~~
../../Lab_1b_Stopwatch_bsp/microblaze_0/include/xbasic_types.h:121:2: warning: #warning Please refer the Standalone BSP UG647 for further details [-Wcpp]
 #warning  Please refer the Standalone BSP UG647 for further details
  ^~~~~~~
../src/main_loop.c: In function 'Interrupt_handler':
../src/main_loop.c:29:2: error: 'count' undeclared (first use in this function)
  count++;   // increment count
  ^~~~~
../src/main_loop.c:29:2: note: each undeclared identifier is reported only once for each function it appears in
../src/main_loop.c: In function 'Init_Intc':
../src/main_loop.c:58:27: warning: passing argument 2 of 'XIntc_Connect' makes integer from pointer without a cast [-Wint-conversion]
  XIntc_Connect(&sys_intc, Gpio_to_connect);
                           ^~~~~~~~~~~~~~~
In file included from ../src/interrupts.h:8,
                 from ../src/main_loop.c:8:
../../Lab_1b_Stopwatch_bsp/microblaze_0/include/xintc.h:341:43: note: expected 'u8' {aka 'unsigned char'} but argument is of type 'XGpio *' {aka 'struct <anonymous> *'}
 int XIntc_Connect(XIntc * InstancePtr, u8 Id,
                                        ~~~^~
../src/main_loop.c:58:2: error: too few arguments to function 'XIntc_Connect'
  XIntc_Connect(&sys_intc, Gpio_to_connect);
  ^~~~~~~~~~~~~
In file included from ../src/interrupts.h:8,
                 from ../src/main_loop.c:8:
../../Lab_1b_Stopwatch_bsp/microblaze_0/include/xintc.h:341:5: note: declared here
 int XIntc_Connect(XIntc * InstancePtr, u8 Id,
     ^~~~~~~~~~~~~
../src/main_loop.c: In function 'main':
../src/main_loop.c:63:6: warning: unused variable 'status' [-Wunused-variable]
  int status;
      ^~~~~~
../src/main_loop.c: In function 'Init_Intc':
../src/main_loop.c:60:1: warning: control reaches end of non-void function [-Wreturn-type]
 }
 ^
make: *** [src/subdir.mk:32: src/main_loop.o] Error 1
17:31:48 **** Auto Build of configuration Debug for project Lab_1b_Stopwatch ****
make all 
'Building file: ../src/main_loop.c'
'Invoking: MicroBlaze gcc compiler'
mb-gcc -Wall -O0 -g3 -c -fmessage-length=0 -MT"src/main_loop.o" -I../../Lab_1b_Stopwatch_bsp/microblaze_0/include -mlittle-endian -mxl-barrel-shift -mcpu=v11.0 -mno-xl-soft-mul -Wl,--no-relax -ffunction-sections -fdata-sections -MMD -MP -MF"src/main_loop.d" -MT"src/main_loop.o" -o "src/main_loop.o" "../src/main_loop.c"
In file included from ../src/interrupts.h:13,
                 from ../src/main_loop.c:8:
../../Lab_1b_Stopwatch_bsp/microblaze_0/include/xbasic_types.h:120:2: warning: #warning The xbasics_type.h file is deprecated and users should use xil_types.h and xil_assert. [-Wcpp]
 #warning  The xbasics_type.h file is deprecated and users should use xil_types.h and xil_assert.
  ^~~~~~~
../../Lab_1b_Stopwatch_bsp/microblaze_0/include/xbasic_types.h:121:2: warning: #warning Please refer the Standalone BSP UG647 for further details [-Wcpp]
 #warning  Please refer the Standalone BSP UG647 for further details
  ^~~~~~~
../src/main_loop.c: In function 'Init_Intc':
../src/main_loop.c:57:27: warning: passing argument 2 of 'XIntc_Connect' makes integer from pointer without a cast [-Wint-conversion]
  XIntc_Connect(&sys_intc, Gpio_to_connect);
                           ^~~~~~~~~~~~~~~
In file included from ../src/interrupts.h:8,
                 from ../src/main_loop.c:8:
../../Lab_1b_Stopwatch_bsp/microblaze_0/include/xintc.h:341:43: note: expected 'u8' {aka 'unsigned char'} but argument is of type 'XGpio *' {aka 'struct <anonymous> *'}
 int XIntc_Connect(XIntc * InstancePtr, u8 Id,
                                        ~~~^~
../src/main_loop.c:57:2: error: too few arguments to function 'XIntc_Connect'
  XIntc_Connect(&sys_intc, Gpio_to_connect);
  ^~~~~~~~~~~~~
In file included from ../src/interrupts.h:8,
                 from ../src/main_loop.c:8:
../../Lab_1b_Stopwatch_bsp/microblaze_0/include/xintc.h:341:5: note: declared here
 int XIntc_Connect(XIntc * InstancePtr, u8 Id,
     ^~~~~~~~~~~~~
../src/main_loop.c: In function 'main':
../src/main_loop.c:62:6: warning: unused variable 'status' [-Wunused-variable]
  int status;
      ^~~~~~
../src/main_loop.c: In function 'Init_Intc':
../src/main_loop.c:59:1: warning: control reaches end of non-void function [-Wreturn-type]
 }
 ^
make: *** [src/subdir.mk:32: src/main_loop.o] Error 1
17:32:04 **** Auto Build of configuration Debug for project Lab_1b_Stopwatch ****
make all 
'Building file: ../src/main_loop.c'
'Invoking: MicroBlaze gcc compiler'
mb-gcc -Wall -O0 -g3 -c -fmessage-length=0 -MT"src/main_loop.o" -I../../Lab_1b_Stopwatch_bsp/microblaze_0/include -mlittle-endian -mxl-barrel-shift -mcpu=v11.0 -mno-xl-soft-mul -Wl,--no-relax -ffunction-sections -fdata-sections -MMD -MP -MF"src/main_loop.d" -MT"src/main_loop.o" -o "src/main_loop.o" "../src/main_loop.c"
In file included from ../src/interrupts.h:13,
                 from ../src/main_loop.c:8:
../../Lab_1b_Stopwatch_bsp/microblaze_0/include/xbasic_types.h:120:2: warning: #warning The xbasics_type.h file is deprecated and users should use xil_types.h and xil_assert. [-Wcpp]
 #warning  The xbasics_type.h file is deprecated and users should use xil_types.h and xil_assert.
  ^~~~~~~
../../Lab_1b_Stopwatch_bsp/microblaze_0/include/xbasic_types.h:121:2: warning: #warning Please refer the Standalone BSP UG647 for further details [-Wcpp]
 #warning  Please refer the Standalone BSP UG647 for further details
  ^~~~~~~
../src/main_loop.c: In function 'Init_Intc':
../src/main_loop.c:59:27: warning: passing argument 2 of 'XIntc_Connect' makes integer from pointer without a cast [-Wint-conversion]
  XIntc_Connect(&sys_intc, Gpio_to_connect);
                           ^~~~~~~~~~~~~~~
In file included from ../src/interrupts.h:8,
                 from ../src/main_loop.c:8:
../../Lab_1b_Stopwatch_bsp/microblaze_0/include/xintc.h:341:43: note: expected 'u8' {aka 'unsigned char'} but argument is of type 'XGpio *' {aka 'struct <anonymous> *'}
 int XIntc_Connect(XIntc * InstancePtr, u8 Id,
                                        ~~~^~
../src/main_loop.c:59:2: error: too few arguments to function 'XIntc_Connect'
  XIntc_Connect(&sys_intc, Gpio_to_connect);
  ^~~~~~~~~~~~~
In file included from ../src/interrupts.h:8,
                 from ../src/main_loop.c:8:
../../Lab_1b_Stopwatch_bsp/microblaze_0/include/xintc.h:341:5: note: declared here
 int XIntc_Connect(XIntc * InstancePtr, u8 Id,
     ^~~~~~~~~~~~~
../src/main_loop.c: In function 'main':
../src/main_loop.c:64:6: warning: unused variable 'status' [-Wunused-variable]
  int status;
      ^~~~~~
../src/main_loop.c: In function 'Init_Intc':
../src/main_loop.c:61:1: warning: control reaches end of non-void function [-Wreturn-type]
 }
 ^
make: *** [src/subdir.mk:32: src/main_loop.o] Error 1
17:33:07 **** Auto Build of configuration Debug for project Lab_1b_Stopwatch ****
make all 
'Building file: ../src/main_loop.c'
'Invoking: MicroBlaze gcc compiler'
mb-gcc -Wall -O0 -g3 -c -fmessage-length=0 -MT"src/main_loop.o" -I../../Lab_1b_Stopwatch_bsp/microblaze_0/include -mlittle-endian -mxl-barrel-shift -mcpu=v11.0 -mno-xl-soft-mul -Wl,--no-relax -ffunction-sections -fdata-sections -MMD -MP -MF"src/main_loop.d" -MT"src/main_loop.o" -o "src/main_loop.o" "../src/main_loop.c"
In file included from ../src/interrupts.h:13,
                 from ../src/main_loop.c:8:
../../Lab_1b_Stopwatch_bsp/microblaze_0/include/xbasic_types.h:120:2: warning: #warning The xbasics_type.h file is deprecated and users should use xil_types.h and xil_assert. [-Wcpp]
 #warning  The xbasics_type.h file is deprecated and users should use xil_types.h and xil_assert.
  ^~~~~~~
../../Lab_1b_Stopwatch_bsp/microblaze_0/include/xbasic_types.h:121:2: warning: #warning Please refer the Standalone BSP UG647 for further details [-Wcpp]
 #warning  Please refer the Standalone BSP UG647 for further details
  ^~~~~~~
../src/main_loop.c: In function 'Init_Intc':
../src/main_loop.c:59:27: warning: passing argument 2 of 'XIntc_Connect' makes integer from pointer without a cast [-Wint-conversion]
  XIntc_Connect(&sys_intc, Gpio_to_connect, (XInterruptHandler)Interrupt_handler, &sys_tmrctr);
                           ^~~~~~~~~~~~~~~
In file included from ../src/interrupts.h:8,
                 from ../src/main_loop.c:8:
../../Lab_1b_Stopwatch_bsp/microblaze_0/include/xintc.h:341:43: note: expected 'u8' {aka 'unsigned char'} but argument is of type 'XGpio *' {aka 'struct <anonymous> *'}
 int XIntc_Connect(XIntc * InstancePtr, u8 Id,
                                        ~~~^~
../src/main_loop.c: In function 'main':
../src/main_loop.c:64:6: warning: unused variable 'status' [-Wunused-variable]
  int status;
      ^~~~~~
../src/main_loop.c: In function 'Init_Intc':
../src/main_loop.c:61:1: warning: control reaches end of non-void function [-Wreturn-type]
 }
 ^
'Finished building: ../src/main_loop.c'
' '
'Building target: Lab_1b_Stopwatch.elf'
'Invoking: MicroBlaze gcc linker'
mb-gcc -Wl,-T -Wl,../src/lscript.ld -L../../Lab_1b_Stopwatch_bsp/microblaze_0/lib -mlittle-endian -mxl-barrel-shift -mcpu=v11.0 -mno-xl-soft-mul -Wl,--no-relax -Wl,--gc-sections -o "Lab_1b_Stopwatch.elf"  ./src/interrupts.o ./src/main_loop.o ./src/platform.o ./src/sevenSeg_new.o   -Wl,--start-group,-lxil,-lgcc,-lc,--end-group
'Finished building target: Lab_1b_Stopwatch.elf'
' '
'Invoking: MicroBlaze Print Size'
mb-size Lab_1b_Stopwatch.elf  |tee "Lab_1b_Stopwatch.elf.size"
   text	   data	    bss	    dec	    hex	filename
   2252	    336	   2084	   4672	   1240	Lab_1b_Stopwatch.elf
'Finished building: Lab_1b_Stopwatch.elf.size'
' '
17:42:09 **** Auto Build of configuration Debug for project Lab_1b_Stopwatch ****
make all 
'Building file: ../src/main_loop.c'
'Invoking: MicroBlaze gcc compiler'
mb-gcc -Wall -O0 -g3 -c -fmessage-length=0 -MT"src/main_loop.o" -I../../Lab_1b_Stopwatch_bsp/microblaze_0/include -mlittle-endian -mxl-barrel-shift -mcpu=v11.0 -mno-xl-soft-mul -Wl,--no-relax -ffunction-sections -fdata-sections -MMD -MP -MF"src/main_loop.d" -MT"src/main_loop.o" -o "src/main_loop.o" "../src/main_loop.c"
In file included from ../src/interrupts.h:13,
                 from ../src/main_loop.c:8:
../../Lab_1b_Stopwatch_bsp/microblaze_0/include/xbasic_types.h:120:2: warning: #warning The xbasics_type.h file is deprecated and users should use xil_types.h and xil_assert. [-Wcpp]
 #warning  The xbasics_type.h file is deprecated and users should use xil_types.h and xil_assert.
  ^~~~~~~
../../Lab_1b_Stopwatch_bsp/microblaze_0/include/xbasic_types.h:121:2: warning: #warning Please refer the Standalone BSP UG647 for further details [-Wcpp]
 #warning  Please refer the Standalone BSP UG647 for further details
  ^~~~~~~
../src/main_loop.c: In function 'Init_Intc':
../src/main_loop.c:59:63: error: 'Interrupt_handler' undeclared (first use in this function); did you mean 'XInterruptHandler'?
  XIntc_Connect(&sys_intc, Gpio_to_connect, (XInterruptHandler)Interrupt_handler, &sys_tmrctr);
                                                               ^~~~~~~~~~~~~~~~~
                                                               XInterruptHandler
../src/main_loop.c:59:63: note: each undeclared identifier is reported only once for each function it appears in
../src/main_loop.c:59:27: warning: passing argument 2 of 'XIntc_Connect' makes integer from pointer without a cast [-Wint-conversion]
  XIntc_Connect(&sys_intc, Gpio_to_connect, (XInterruptHandler)Interrupt_handler, &sys_tmrctr);
                           ^~~~~~~~~~~~~~~
In file included from ../src/interrupts.h:8,
                 from ../src/main_loop.c:8:
../../Lab_1b_Stopwatch_bsp/microblaze_0/include/xintc.h:341:43: note: expected 'u8' {aka 'unsigned char'} but argument is of type 'XGpio *' {aka 'struct <anonymous> *'}
 int XIntc_Connect(XIntc * InstancePtr, u8 Id,
                                        ~~~^~
../src/main_loop.c: In function 'main':
../src/main_loop.c:64:6: warning: unused variable 'status' [-Wunused-variable]
  int status;
      ^~~~~~
../src/main_loop.c: In function 'Init_Intc':
../src/main_loop.c:61:1: warning: control reaches end of non-void function [-Wreturn-type]
 }
 ^
make: *** [src/subdir.mk:32: src/main_loop.o] Error 1
18:00:05 **** Auto Build of configuration Debug for project Lab_1b_Stopwatch ****
make all 
'Building file: ../src/main_loop.c'
'Invoking: MicroBlaze gcc compiler'
mb-gcc -Wall -O0 -g3 -c -fmessage-length=0 -MT"src/main_loop.o" -I../../Lab_1b_Stopwatch_bsp/microblaze_0/include -mlittle-endian -mxl-barrel-shift -mcpu=v11.0 -mno-xl-soft-mul -Wl,--no-relax -ffunction-sections -fdata-sections -MMD -MP -MF"src/main_loop.d" -MT"src/main_loop.o" -o "src/main_loop.o" "../src/main_loop.c"
In file included from ../src/interrupts.h:13,
                 from ../src/main_loop.c:8:
../../Lab_1b_Stopwatch_bsp/microblaze_0/include/xbasic_types.h:120:2: warning: #warning The xbasics_type.h file is deprecated and users should use xil_types.h and xil_assert. [-Wcpp]
 #warning  The xbasics_type.h file is deprecated and users should use xil_types.h and xil_assert.
  ^~~~~~~
../../Lab_1b_Stopwatch_bsp/microblaze_0/include/xbasic_types.h:121:2: warning: #warning Please refer the Standalone BSP UG647 for further details [-Wcpp]
 #warning  Please refer the Standalone BSP UG647 for further details
  ^~~~~~~
../src/main_loop.c: In function 'btn_interrupt_handler':
../src/main_loop.c:20:2: error: 'counting_enabled' undeclared (first use in this function); did you mean 'XIntc_Enable'?
  counting_enabled = False;
  ^~~~~~~~~~~~~~~~
  XIntc_Enable
../src/main_loop.c:20:2: note: each undeclared identifier is reported only once for each function it appears in
../src/main_loop.c:20:21: error: 'False' undeclared (first use in this function)
  counting_enabled = False;
                     ^~~~~
../src/main_loop.c:22:2: error: 'btn_value' undeclared (first use in this function)
  btn_value = XGpio_DiscreteRead(&BTN_Gpio);
  ^~~~~~~~~
../src/main_loop.c:22:14: error: too few arguments to function 'XGpio_DiscreteRead'
  btn_value = XGpio_DiscreteRead(&BTN_Gpio);
              ^~~~~~~~~~~~~~~~~~
In file included from ../src/main_loop.c:11:
../../Lab_1b_Stopwatch_bsp/microblaze_0/include/XGpio.h:180:5: note: declared here
 u32 XGpio_DiscreteRead(XGpio *InstancePtr, unsigned Channel);
     ^~~~~~~~~~~~~~~~~~
../src/main_loop.c: In function 'Init_Intc':
../src/main_loop.c:61:63: error: 'Interrupt_handler' undeclared (first use in this function); did you mean 'XInterruptHandler'?
  XIntc_Connect(&sys_intc, Gpio_to_connect, (XInterruptHandler)Interrupt_handler, &sys_tmrctr);
                                                               ^~~~~~~~~~~~~~~~~
                                                               XInterruptHandler
../src/main_loop.c:61:27: warning: passing argument 2 of 'XIntc_Connect' makes integer from pointer without a cast [-Wint-conversion]
  XIntc_Connect(&sys_intc, Gpio_to_connect, (XInterruptHandler)Interrupt_handler, &sys_tmrctr);
                           ^~~~~~~~~~~~~~~
In file included from ../src/interrupts.h:8,
                 from ../src/main_loop.c:8:
../../Lab_1b_Stopwatch_bsp/microblaze_0/include/xintc.h:341:43: note: expected 'u8' {aka 'unsigned char'} but argument is of type 'XGpio *' {aka 'struct <anonymous> *'}
 int XIntc_Connect(XIntc * InstancePtr, u8 Id,
                                        ~~~^~
../src/main_loop.c: In function 'main':
../src/main_loop.c:66:6: warning: unused variable 'status' [-Wunused-variable]
  int status;
      ^~~~~~
../src/main_loop.c: In function 'Init_Intc':
../src/main_loop.c:63:1: warning: control reaches end of non-void function [-Wreturn-type]
 }
 ^
make: *** [src/subdir.mk:32: src/main_loop.o] Error 1
18:00:11 **** Auto Build of configuration Debug for project Lab_1b_Stopwatch ****
make all 
'Building file: ../src/main_loop.c'
'Invoking: MicroBlaze gcc compiler'
mb-gcc -Wall -O0 -g3 -c -fmessage-length=0 -MT"src/main_loop.o" -I../../Lab_1b_Stopwatch_bsp/microblaze_0/include -mlittle-endian -mxl-barrel-shift -mcpu=v11.0 -mno-xl-soft-mul -Wl,--no-relax -ffunction-sections -fdata-sections -MMD -MP -MF"src/main_loop.d" -MT"src/main_loop.o" -o "src/main_loop.o" "../src/main_loop.c"
In file included from ../src/interrupts.h:13,
                 from ../src/main_loop.c:8:
../../Lab_1b_Stopwatch_bsp/microblaze_0/include/xbasic_types.h:120:2: warning: #warning The xbasics_type.h file is deprecated and users should use xil_types.h and xil_assert. [-Wcpp]
 #warning  The xbasics_type.h file is deprecated and users should use xil_types.h and xil_assert.
  ^~~~~~~
../../Lab_1b_Stopwatch_bsp/microblaze_0/include/xbasic_types.h:121:2: warning: #warning Please refer the Standalone BSP UG647 for further details [-Wcpp]
 #warning  Please refer the Standalone BSP UG647 for further details
  ^~~~~~~
../src/main_loop.c: In function 'btn_interrupt_handler':
../src/main_loop.c:20:2: error: 'counting_enabled' undeclared (first use in this function); did you mean 'XIntc_Enable'?
  counting_enabled = 0;
  ^~~~~~~~~~~~~~~~
  XIntc_Enable
../src/main_loop.c:20:2: note: each undeclared identifier is reported only once for each function it appears in
../src/main_loop.c:22:2: error: 'btn_value' undeclared (first use in this function)
  btn_value = XGpio_DiscreteRead(&BTN_Gpio);
  ^~~~~~~~~
../src/main_loop.c:22:14: error: too few arguments to function 'XGpio_DiscreteRead'
  btn_value = XGpio_DiscreteRead(&BTN_Gpio);
              ^~~~~~~~~~~~~~~~~~
In file included from ../src/main_loop.c:11:
../../Lab_1b_Stopwatch_bsp/microblaze_0/include/XGpio.h:180:5: note: declared here
 u32 XGpio_DiscreteRead(XGpio *InstancePtr, unsigned Channel);
     ^~~~~~~~~~~~~~~~~~
../src/main_loop.c: In function 'Init_Intc':
../src/main_loop.c:61:63: error: 'Interrupt_handler' undeclared (first use in this function); did you mean 'XInterruptHandler'?
  XIntc_Connect(&sys_intc, Gpio_to_connect, (XInterruptHandler)Interrupt_handler, &sys_tmrctr);
                                                               ^~~~~~~~~~~~~~~~~
                                                               XInterruptHandler
../src/main_loop.c:61:27: warning: passing argument 2 of 'XIntc_Connect' makes integer from pointer without a cast [-Wint-conversion]
  XIntc_Connect(&sys_intc, Gpio_to_connect, (XInterruptHandler)Interrupt_handler, &sys_tmrctr);
                           ^~~~~~~~~~~~~~~
In file included from ../src/interrupts.h:8,
                 from ../src/main_loop.c:8:
../../Lab_1b_Stopwatch_bsp/microblaze_0/include/xintc.h:341:43: note: expected 'u8' {aka 'unsigned char'} but argument is of type 'XGpio *' {aka 'struct <anonymous> *'}
 int XIntc_Connect(XIntc * InstancePtr, u8 Id,
                                        ~~~^~
../src/main_loop.c: In function 'main':
../src/main_loop.c:66:6: warning: unused variable 'status' [-Wunused-variable]
  int status;
      ^~~~~~
../src/main_loop.c: In function 'Init_Intc':
../src/main_loop.c:63:1: warning: control reaches end of non-void function [-Wreturn-type]
 }
 ^
make: *** [src/subdir.mk:32: src/main_loop.o] Error 1
18:00:23 **** Auto Build of configuration Debug for project Lab_1b_Stopwatch ****
make all 
'Building file: ../src/main_loop.c'
'Invoking: MicroBlaze gcc compiler'
mb-gcc -Wall -O0 -g3 -c -fmessage-length=0 -MT"src/main_loop.o" -I../../Lab_1b_Stopwatch_bsp/microblaze_0/include -mlittle-endian -mxl-barrel-shift -mcpu=v11.0 -mno-xl-soft-mul -Wl,--no-relax -ffunction-sections -fdata-sections -MMD -MP -MF"src/main_loop.d" -MT"src/main_loop.o" -o "src/main_loop.o" "../src/main_loop.c"
In file included from ../src/interrupts.h:13,
                 from ../src/main_loop.c:8:
../../Lab_1b_Stopwatch_bsp/microblaze_0/include/xbasic_types.h:120:2: warning: #warning The xbasics_type.h file is deprecated and users should use xil_types.h and xil_assert. [-Wcpp]
 #warning  The xbasics_type.h file is deprecated and users should use xil_types.h and xil_assert.
  ^~~~~~~
../../Lab_1b_Stopwatch_bsp/microblaze_0/include/xbasic_types.h:121:2: warning: #warning Please refer the Standalone BSP UG647 for further details [-Wcpp]
 #warning  Please refer the Standalone BSP UG647 for further details
  ^~~~~~~
../src/main_loop.c: In function 'btn_interrupt_handler':
[...]
' '
10:57:32 **** Incremental Build of configuration Debug for project Lab_1b_Stopwatch ****
make all 
make: Nothing to be done for 'all'.
11:01:31 **** Auto Build of configuration Debug for project Lab_1b_Stopwatch ****
make all 
'Building file: ../src/main_loop.c'
'Invoking: MicroBlaze gcc compiler'
mb-gcc -Wall -O0 -g3 -c -fmessage-length=0 -MT"src/main_loop.o" -I../../Lab_1b_Stopwatch_bsp/microblaze_0/include -mlittle-endian -mxl-barrel-shift -mcpu=v11.0 -mno-xl-soft-mul -Wl,--no-relax -ffunction-sections -fdata-sections -MMD -MP -MF"src/main_loop.d" -MT"src/main_loop.o" -o "src/main_loop.o" "../src/main_loop.c"
In file included from ../src/interrupts.h:13,
                 from ../src/main_loop.c:8:
../../Lab_1b_Stopwatch_bsp/microblaze_0/include/xbasic_types.h:120:2: warning: #warning The xbasics_type.h file is deprecated and users should use xil_types.h and xil_assert. [-Wcpp]
 #warning  The xbasics_type.h file is deprecated and users should use xil_types.h and xil_assert.
  ^~~~~~~
../../Lab_1b_Stopwatch_bsp/microblaze_0/include/xbasic_types.h:121:2: warning: #warning Please refer the Standalone BSP UG647 for further details [-Wcpp]
 #warning  Please refer the Standalone BSP UG647 for further details
  ^~~~~~~
'Finished building: ../src/main_loop.c'
' '
'Building target: Lab_1b_Stopwatch.elf'
'Invoking: MicroBlaze gcc linker'
mb-gcc -Wl,-T -Wl,../src/lscript.ld -L../../Lab_1b_Stopwatch_bsp/microblaze_0/lib -mlittle-endian -mxl-barrel-shift -mcpu=v11.0 -mno-xl-soft-mul -Wl,--no-relax -Wl,--gc-sections -o "Lab_1b_Stopwatch.elf"  ./src/interrupts.o ./src/main_loop.o ./src/platform.o ./src/sevenSeg_new.o   -Wl,--start-group,-lxil,-lgcc,-lc,--end-group
'Finished building target: Lab_1b_Stopwatch.elf'
' '
'Invoking: MicroBlaze Print Size'
mb-size Lab_1b_Stopwatch.elf  |tee "Lab_1b_Stopwatch.elf.size"
   text	   data	    bss	    dec	    hex	filename
  12804	    740	   2376	  15920	   3e30	Lab_1b_Stopwatch.elf
'Finished building: Lab_1b_Stopwatch.elf.size'
' '
11:01:33 **** Incremental Build of configuration Debug for project Lab_1b_Stopwatch ****
make all 
make: Nothing to be done for 'all'.
11:03:16 **** Incremental Build of configuration Debug for project Lab_1b_Stopwatch ****
make all 
make: Nothing to be done for 'all'.
11:17:23 **** Auto Build of configuration Debug for project Lab_1b_Stopwatch ****
make all 
'Building file: ../src/main_loop.c'
'Invoking: MicroBlaze gcc compiler'
mb-gcc -Wall -O0 -g3 -c -fmessage-length=0 -MT"src/main_loop.o" -I../../Lab_1b_Stopwatch_bsp/microblaze_0/include -mlittle-endian -mxl-barrel-shift -mcpu=v11.0 -mno-xl-soft-mul -Wl,--no-relax -ffunction-sections -fdata-sections -MMD -MP -MF"src/main_loop.d" -MT"src/main_loop.o" -o "src/main_loop.o" "../src/main_loop.c"
In file included from ../src/interrupts.h:13,
                 from ../src/main_loop.c:8:
../../Lab_1b_Stopwatch_bsp/microblaze_0/include/xbasic_types.h:120:2: warning: #warning The xbasics_type.h file is deprecated and users should use xil_types.h and xil_assert. [-Wcpp]
 #warning  The xbasics_type.h file is deprecated and users should use xil_types.h and xil_assert.
  ^~~~~~~
../../Lab_1b_Stopwatch_bsp/microblaze_0/include/xbasic_types.h:121:2: warning: #warning Please refer the Standalone BSP UG647 for further details [-Wcpp]
 #warning  Please refer the Standalone BSP UG647 for further details
  ^~~~~~~
../src/main_loop.c: In function 'Init_Button_Intc':
../src/main_loop.c:87:11: warning: implicit declaration of function 'Interrupt_System_Setup' [-Wimplicit-function-declaration]
  Status = Interrupt_System_Setup(&sys_intc);
           ^~~~~~~~~~~~~~~~~~~~~~
'Finished building: ../src/main_loop.c'
' '
'Building target: Lab_1b_Stopwatch.elf'
'Invoking: MicroBlaze gcc linker'
mb-gcc -Wl,-T -Wl,../src/lscript.ld -L../../Lab_1b_Stopwatch_bsp/microblaze_0/lib -mlittle-endian -mxl-barrel-shift -mcpu=v11.0 -mno-xl-soft-mul -Wl,--no-relax -Wl,--gc-sections -o "Lab_1b_Stopwatch.elf"  ./src/interrupts.o ./src/main_loop.o ./src/platform.o ./src/sevenSeg_new.o   -Wl,--start-group,-lxil,-lgcc,-lc,--end-group
c:/xilinx/sdk/2019.1/gnu/microblaze/nt/bin/../lib/gcc/microblaze-xilinx-elf/8.2.0/../../../../microblaze-xilinx-elf/bin/ld.exe: ./src/main_loop.o: in function `Init_Button_Intc':
C:\Users\jabbo\Desktop\ECE253_Lab1a\ECE253_Lab1a.sdk\Lab_1b_Stopwatch\Debug/../src/main_loop.c:87: undefined reference to `Interrupt_System_Setup'
collect2.exe: error: ld returned 1 exit status
make: *** [makefile:38: Lab_1b_Stopwatch.elf] Error 1
11:17:28 **** Auto Build of configuration Debug for project Lab_1b_Stopwatch ****
make all 
'Building file: ../src/main_loop.c'
'Invoking: MicroBlaze gcc compiler'
mb-gcc -Wall -O0 -g3 -c -fmessage-length=0 -MT"src/main_loop.o" -I../../Lab_1b_Stopwatch_bsp/microblaze_0/include -mlittle-endian -mxl-barrel-shift -mcpu=v11.0 -mno-xl-soft-mul -Wl,--no-relax -ffunction-sections -fdata-sections -MMD -MP -MF"src/main_loop.d" -MT"src/main_loop.o" -o "src/main_loop.o" "../src/main_loop.c"
In file included from ../src/interrupts.h:13,
                 from ../src/main_loop.c:8:
../../Lab_1b_Stopwatch_bsp/microblaze_0/include/xbasic_types.h:120:2: warning: #warning The xbasics_type.h file is deprecated and users should use xil_types.h and xil_assert. [-Wcpp]
 #warning  The xbasics_type.h file is deprecated and users should use xil_types.h and xil_assert.
  ^~~~~~~
../../Lab_1b_Stopwatch_bsp/microblaze_0/include/xbasic_types.h:121:2: warning: #warning Please refer the Standalone BSP UG647 for further details [-Wcpp]
 #warning  Please refer the Standalone BSP UG647 for further details
  ^~~~~~~
'Finished building: ../src/main_loop.c'
' '
'Building target: Lab_1b_Stopwatch.elf'
'Invoking: MicroBlaze gcc linker'
mb-gcc -Wl,-T -Wl,../src/lscript.ld -L../../Lab_1b_Stopwatch_bsp/microblaze_0/lib -mlittle-endian -mxl-barrel-shift -mcpu=v11.0 -mno-xl-soft-mul -Wl,--no-relax -Wl,--gc-sections -o "Lab_1b_Stopwatch.elf"  ./src/interrupts.o ./src/main_loop.o ./src/platform.o ./src/sevenSeg_new.o   -Wl,--start-group,-lxil,-lgcc,-lc,--end-group
'Finished building target: Lab_1b_Stopwatch.elf'
' '
'Invoking: MicroBlaze Print Size'
mb-size Lab_1b_Stopwatch.elf  |tee "Lab_1b_Stopwatch.elf.size"
   text	   data	    bss	    dec	    hex	filename
  12472	    740	   2372	  15584	   3ce0	Lab_1b_Stopwatch.elf
'Finished building: Lab_1b_Stopwatch.elf.size'
' '
11:17:30 **** Incremental Build of configuration Debug for project Lab_1b_Stopwatch ****
make all 
make: Nothing to be done for 'all'.
11:17:41 **** Auto Build of configuration Debug for project Lab_1b_Stopwatch ****
make all 
'Building file: ../src/main_loop.c'
'Invoking: MicroBlaze gcc compiler'
mb-gcc -Wall -O0 -g3 -c -fmessage-length=0 -MT"src/main_loop.o" -I../../Lab_1b_Stopwatch_bsp/microblaze_0/include -mlittle-endian -mxl-barrel-shift -mcpu=v11.0 -mno-xl-soft-mul -Wl,--no-relax -ffunction-sections -fdata-sections -MMD -MP -MF"src/main_loop.d" -MT"src/main_loop.o" -o "src/main_loop.o" "../src/main_loop.c"
In file included from ../src/interrupts.h:13,
                 from ../src/main_loop.c:8:
../../Lab_1b_Stopwatch_bsp/microblaze_0/include/xbasic_types.h:120:2: warning: #warning The xbasics_type.h file is deprecated and users should use xil_types.h and xil_assert. [-Wcpp]
 #warning  The xbasics_type.h file is deprecated and users should use xil_types.h and xil_assert.
  ^~~~~~~
../../Lab_1b_Stopwatch_bsp/microblaze_0/include/xbasic_types.h:121:2: warning: #warning Please refer the Standalone BSP UG647 for further details [-Wcpp]
 #warning  Please refer the Standalone BSP UG647 for further details
  ^~~~~~~
'Finished building: ../src/main_loop.c'
' '
'Building target: Lab_1b_Stopwatch.elf'
'Invoking: MicroBlaze gcc linker'
mb-gcc -Wl,-T -Wl,../src/lscript.ld -L../../Lab_1b_Stopwatch_bsp/microblaze_0/lib -mlittle-endian -mxl-barrel-shift -mcpu=v11.0 -mno-xl-soft-mul -Wl,--no-relax -Wl,--gc-sections -o "Lab_1b_Stopwatch.elf"  ./src/interrupts.o ./src/main_loop.o ./src/platform.o ./src/sevenSeg_new.o   -Wl,--start-group,-lxil,-lgcc,-lc,--end-group
'Finished building target: Lab_1b_Stopwatch.elf'
' '
'Invoking: MicroBlaze Print Size'
mb-size Lab_1b_Stopwatch.elf  |tee "Lab_1b_Stopwatch.elf.size"
   text	   data	    bss	    dec	    hex	filename
  12472	    740	   2372	  15584	   3ce0	Lab_1b_Stopwatch.elf
'Finished building: Lab_1b_Stopwatch.elf.size'
' '
11:17:43 **** Incremental Build of configuration Debug for project Lab_1b_Stopwatch ****
make all 
make: Nothing to be done for 'all'.
11:19:23 **** Auto Build of configuration Debug for project Lab_1b_Stopwatch ****
make all 
'Building file: ../src/main_loop.c'
'Invoking: MicroBlaze gcc compiler'
mb-gcc -Wall -O0 -g3 -c -fmessage-length=0 -MT"src/main_loop.o" -I../../Lab_1b_Stopwatch_bsp/microblaze_0/include -mlittle-endian -mxl-barrel-shift -mcpu=v11.0 -mno-xl-soft-mul -Wl,--no-relax -ffunction-sections -fdata-sections -MMD -MP -MF"src/main_loop.d" -MT"src/main_loop.o" -o "src/main_loop.o" "../src/main_loop.c"
In file included from ../src/interrupts.h:13,
                 from ../src/main_loop.c:8:
../../Lab_1b_Stopwatch_bsp/microblaze_0/include/xbasic_types.h:120:2: warning: #warning The xbasics_type.h file is deprecated and users should use xil_types.h and xil_assert. [-Wcpp]
 #warning  The xbasics_type.h file is deprecated and users should use xil_types.h and xil_assert.
  ^~~~~~~
../../Lab_1b_Stopwatch_bsp/microblaze_0/include/xbasic_types.h:121:2: warning: #warning Please refer the Standalone BSP UG647 for further details [-Wcpp]
 #warning  Please refer the Standalone BSP UG647 for further details
  ^~~~~~~
'Finished building: ../src/main_loop.c'
' '
'Building target: Lab_1b_Stopwatch.elf'
'Invoking: MicroBlaze gcc linker'
mb-gcc -Wl,-T -Wl,../src/lscript.ld -L../../Lab_1b_Stopwatch_bsp/microblaze_0/lib -mlittle-endian -mxl-barrel-shift -mcpu=v11.0 -mno-xl-soft-mul -Wl,--no-relax -Wl,--gc-sections -o "Lab_1b_Stopwatch.elf"  ./src/interrupts.o ./src/main_loop.o ./src/platform.o ./src/sevenSeg_new.o   -Wl,--start-group,-lxil,-lgcc,-lc,--end-group
'Finished building target: Lab_1b_Stopwatch.elf'
' '
'Invoking: MicroBlaze Print Size'
mb-size Lab_1b_Stopwatch.elf  |tee "Lab_1b_Stopwatch.elf.size"
   text	   data	    bss	    dec	    hex	filename
  12472	    740	   2372	  15584	   3ce0	Lab_1b_Stopwatch.elf
'Finished building: Lab_1b_Stopwatch.elf.size'
' '
11:19:28 **** Incremental Build of configuration Debug for project Lab_1b_Stopwatch ****
make all 
make: Nothing to be done for 'all'.
11:20:26 **** Auto Build of configuration Debug for project Lab_1b_Stopwatch ****
make all 
'Building file: ../src/main_loop.c'
'Invoking: MicroBlaze gcc compiler'
mb-gcc -Wall -O0 -g3 -c -fmessage-length=0 -MT"src/main_loop.o" -I../../Lab_1b_Stopwatch_bsp/microblaze_0/include -mlittle-endian -mxl-barrel-shift -mcpu=v11.0 -mno-xl-soft-mul -Wl,--no-relax -ffunction-sections -fdata-sections -MMD -MP -MF"src/main_loop.d" -MT"src/main_loop.o" -o "src/main_loop.o" "../src/main_loop.c"
In file included from ../src/interrupts.h:13,
                 from ../src/main_loop.c:8:
../../Lab_1b_Stopwatch_bsp/microblaze_0/include/xbasic_types.h:120:2: warning: #warning The xbasics_type.h file is deprecated and users should use xil_types.h and xil_assert. [-Wcpp]
 #warning  The xbasics_type.h file is deprecated and users should use xil_types.h and xil_assert.
  ^~~~~~~
../../Lab_1b_Stopwatch_bsp/microblaze_0/include/xbasic_types.h:121:2: warning: #warning Please refer the Standalone BSP UG647 for further details [-Wcpp]
 #warning  Please refer the Standalone BSP UG647 for further details
  ^~~~~~~
'Finished building: ../src/main_loop.c'
' '
'Building target: Lab_1b_Stopwatch.elf'
'Invoking: MicroBlaze gcc linker'
mb-gcc -Wl,-T -Wl,../src/lscript.ld -L../../Lab_1b_Stopwatch_bsp/microblaze_0/lib -mlittle-endian -mxl-barrel-shift -mcpu=v11.0 -mno-xl-soft-mul -Wl,--no-relax -Wl,--gc-sections -o "Lab_1b_Stopwatch.elf"  ./src/interrupts.o ./src/main_loop.o ./src/platform.o ./src/sevenSeg_new.o   -Wl,--start-group,-lxil,-lgcc,-lc,--end-group
'Finished building target: Lab_1b_Stopwatch.elf'
' '
'Invoking: MicroBlaze Print Size'
mb-size Lab_1b_Stopwatch.elf  |tee "Lab_1b_Stopwatch.elf.size"
   text	   data	    bss	    dec	    hex	filename
  12472	    740	   2372	  15584	   3ce0	Lab_1b_Stopwatch.elf
'Finished building: Lab_1b_Stopwatch.elf.size'
' '
11:20:27 **** Incremental Build of configuration Debug for project Lab_1b_Stopwatch ****
make all 
make: Nothing to be done for 'all'.
11:20:42 **** Auto Build of configuration Debug for project Lab_1b_Stopwatch ****
make all 
'Building file: ../src/main_loop.c'
'Invoking: MicroBlaze gcc compiler'
mb-gcc -Wall -O0 -g3 -c -fmessage-length=0 -MT"src/main_loop.o" -I../../Lab_1b_Stopwatch_bsp/microblaze_0/include -mlittle-endian -mxl-barrel-shift -mcpu=v11.0 -mno-xl-soft-mul -Wl,--no-relax -ffunction-sections -fdata-sections -MMD -MP -MF"src/main_loop.d" -MT"src/main_loop.o" -o "src/main_loop.o" "../src/main_loop.c"
In file included from ../src/interrupts.h:13,
                 from ../src/main_loop.c:8:
../../Lab_1b_Stopwatch_bsp/microblaze_0/include/xbasic_types.h:120:2: warning: #warning The xbasics_type.h file is deprecated and users should use xil_types.h and xil_assert. [-Wcpp]
 #warning  The xbasics_type.h file is deprecated and users should use xil_types.h and xil_assert.
  ^~~~~~~
../../Lab_1b_Stopwatch_bsp/microblaze_0/include/xbasic_types.h:121:2: warning: #warning Please refer the Standalone BSP UG647 for further details [-Wcpp]
 #warning  Please refer the Standalone BSP UG647 for further details
  ^~~~~~~
'Finished building: ../src/main_loop.c'
' '
'Building target: Lab_1b_Stopwatch.elf'
'Invoking: MicroBlaze gcc linker'
mb-gcc -Wl,-T -Wl,../src/lscript.ld -L../../Lab_1b_Stopwatch_bsp/microblaze_0/lib -mlittle-endian -mxl-barrel-shift -mcpu=v11.0 -mno-xl-soft-mul -Wl,--no-relax -Wl,--gc-sections -o "Lab_1b_Stopwatch.elf"  ./src/interrupts.o ./src/main_loop.o ./src/platform.o ./src/sevenSeg_new.o   -Wl,--start-group,-lxil,-lgcc,-lc,--end-group
'Finished building target: Lab_1b_Stopwatch.elf'
' '
'Invoking: MicroBlaze Print Size'
mb-size Lab_1b_Stopwatch.elf  |tee "Lab_1b_Stopwatch.elf.size"
   text	   data	    bss	    dec	    hex	filename
  12472	    740	   2372	  15584	   3ce0	Lab_1b_Stopwatch.elf
'Finished building: Lab_1b_Stopwatch.elf.size'
' '
11:20:45 **** Incremental Build of configuration Debug for project Lab_1b_Stopwatch ****
make all 
make: Nothing to be done for 'all'.
11:26:40 **** Auto Build of configuration Debug for project Lab_1b_Stopwatch ****
make all 
'Building file: ../src/main_loop.c'
'Invoking: MicroBlaze gcc compiler'
mb-gcc -Wall -O0 -g3 -c -fmessage-length=0 -MT"src/main_loop.o" -I../../Lab_1b_Stopwatch_bsp/microblaze_0/include -mlittle-endian -mxl-barrel-shift -mcpu=v11.0 -mno-xl-soft-mul -Wl,--no-relax -ffunction-sections -fdata-sections -MMD -MP -MF"src/main_loop.d" -MT"src/main_loop.o" -o "src/main_loop.o" "../src/main_loop.c"
In file included from ../src/interrupts.h:13,
                 from ../src/main_loop.c:8:
../../Lab_1b_Stopwatch_bsp/microblaze_0/include/xbasic_types.h:120:2: warning: #warning The xbasics_type.h file is deprecated and users should use xil_types.h and xil_assert. [-Wcpp]
 #warning  The xbasics_type.h file is deprecated and users should use xil_types.h and xil_assert.
  ^~~~~~~
../../Lab_1b_Stopwatch_bsp/microblaze_0/include/xbasic_types.h:121:2: warning: #warning Please refer the Standalone BSP UG647 for further details [-Wcpp]
 #warning  Please refer the Standalone BSP UG647 for further details
  ^~~~~~~
../src/main_loop.c: In function 'Init_Button_Intc':
../src/main_loop.c:105:40: error: expected ';' before 'XGpio_InterruptEnable'
  XGpio_Initialize(GpioInstance, device)
                                        ^
                                        ;
  XGpio_InterruptEnable(GpioInstance, XPAR_MICROBLAZE_0_AXI_INTC_AXI_GPIO_BTN_IP2INTC_IRPT_INTR);
  ~~~~~~~~~~~~~~~~~~~~~                  
make: *** [src/subdir.mk:32: src/main_loop.o] Error 1
11:26:43 **** Auto Build of configuration Debug for project Lab_1b_Stopwatch ****
make all 
'Building file: ../src/main_loop.c'
'Invoking: MicroBlaze gcc compiler'
mb-gcc -Wall -O0 -g3 -c -fmessage-length=0 -MT"src/main_loop.o" -I../../Lab_1b_Stopwatch_bsp/microblaze_0/include -mlittle-endian -mxl-barrel-shift -mcpu=v11.0 -mno-xl-soft-mul -Wl,--no-relax -ffunction-sections -fdata-sections -MMD -MP -MF"src/main_loop.d" -MT"src/main_loop.o" -o "src/main_loop.o" "../src/main_loop.c"
In file included from ../src/interrupts.h:13,
                 from ../src/main_loop.c:8:
../../Lab_1b_Stopwatch_bsp/microblaze_0/include/xbasic_types.h:120:2: warning: #warning The xbasics_type.h file is deprecated and users should use xil_types.h and xil_assert. [-Wcpp]
 #warning  The xbasics_type.h file is deprecated and users should use xil_types.h and xil_assert.
  ^~~~~~~
../../Lab_1b_Stopwatch_bsp/microblaze_0/include/xbasic_types.h:121:2: warning: #warning Please refer the Standalone BSP UG647 for further details [-Wcpp]
 #warning  Please refer the Standalone BSP UG647 for further details
  ^~~~~~~
'Finished building: ../src/main_loop.c'
' '
'Building target: Lab_1b_Stopwatch.elf'
'Invoking: MicroBlaze gcc linker'
mb-gcc -Wl,-T -Wl,../src/lscript.ld -L../../Lab_1b_Stopwatch_bsp/microblaze_0/lib -mlittle-endian -mxl-barrel-shift -mcpu=v11.0 -mno-xl-soft-mul -Wl,--no-relax -Wl,--gc-sections -o "Lab_1b_Stopwatch.elf"  ./src/interrupts.o ./src/main_loop.o ./src/platform.o ./src/sevenSeg_new.o   -Wl,--start-group,-lxil,-lgcc,-lc,--end-group
'Finished building target: Lab_1b_Stopwatch.elf'
' '
'Invoking: MicroBlaze Print Size'
mb-size Lab_1b_Stopwatch.elf  |tee "Lab_1b_Stopwatch.elf.size"
   text	   data	    bss	    dec	    hex	filename
  12496	    740	   2372	  15608	   3cf8	Lab_1b_Stopwatch.elf
'Finished building: Lab_1b_Stopwatch.elf.size'
' '
11:26:45 **** Incremental Build of configuration Debug for project Lab_1b_Stopwatch ****
make all 
make: Nothing to be done for 'all'.
11:27:43 **** Incremental Build of configuration Debug for project Lab_1b_Stopwatch ****
make all 
make: Nothing to be done for 'all'.
11:30:11 **** Auto Build of configuration Debug for project Lab_1b_Stopwatch ****
make all 
'Building file: ../src/main_loop.c'
'Invoking: MicroBlaze gcc compiler'
mb-gcc -Wall -O0 -g3 -c -fmessage-length=0 -MT"src/main_loop.o" -I../../Lab_1b_Stopwatch_bsp/microblaze_0/include -mlittle-endian -mxl-barrel-shift -mcpu=v11.0 -mno-xl-soft-mul -Wl,--no-relax -ffunction-sections -fdata-sections -MMD -MP -MF"src/main_loop.d" -MT"src/main_loop.o" -o "src/main_loop.o" "../src/main_loop.c"
In file included from ../src/interrupts.h:13,
                 from ../src/main_loop.c:8:
../../Lab_1b_Stopwatch_bsp/microblaze_0/include/xbasic_types.h:120:2: warning: #warning The xbasics_type.h file is deprecated and users should use xil_types.h and xil_assert. [-Wcpp]
 #warning  The xbasics_type.h file is deprecated and users should use xil_types.h and xil_assert.
  ^~~~~~~
../../Lab_1b_Stopwatch_bsp/microblaze_0/include/xbasic_types.h:121:2: warning: #warning Please refer the Standalone BSP UG647 for further details [-Wcpp]
 #warning  Please refer the Standalone BSP UG647 for further details
  ^~~~~~~
'Finished building: ../src/main_loop.c'
' '
'Building target: Lab_1b_Stopwatch.elf'
'Invoking: MicroBlaze gcc linker'
mb-gcc -Wl,-T -Wl,../src/lscript.ld -L../../Lab_1b_Stopwatch_bsp/microblaze_0/lib -mlittle-endian -mxl-barrel-shift -mcpu=v11.0 -mno-xl-soft-mul -Wl,--no-relax -Wl,--gc-sections -o "Lab_1b_Stopwatch.elf"  ./src/interrupts.o ./src/main_loop.o ./src/platform.o ./src/sevenSeg_new.o   -Wl,--start-group,-lxil,-lgcc,-lc,--end-group
'Finished building target: Lab_1b_Stopwatch.elf'
' '
'Invoking: MicroBlaze Print Size'
mb-size Lab_1b_Stopwatch.elf  |tee "Lab_1b_Stopwatch.elf.size"
   text	   data	    bss	    dec	    hex	filename
  12472	    740	   2372	  15584	   3ce0	Lab_1b_Stopwatch.elf
'Finished building: Lab_1b_Stopwatch.elf.size'
' '
